<?xml version="1.0" encoding="ISO-8859-1" ?>
<link_info>
   <banner>TI ARM Linker PC v20.2.7.LTS</banner>
   <copyright>Copyright (c) 1996-2018 Texas Instruments Incorporated</copyright>
   <link_time>0x66c8b6a5</link_time>
   <link_errors>0x0</link_errors>
   <output_file>Car_Seat_Heater.out</output_file>
   <entry_point>
      <name>_c_int00_noargs</name>
      <address>0x6811</address>
   </entry_point>
   <input_file_list>
      <input_file id="fl-2">
         <path>.\</path>
         <kind>object</kind>
         <file>main.obj</file>
         <name>main.obj</name>
      </input_file>
      <input_file id="fl-3">
         <path>.\</path>
         <kind>object</kind>
         <file>tm4c123gh6pm_startup_ccs.obj</file>
         <name>tm4c123gh6pm_startup_ccs.obj</name>
      </input_file>
      <input_file id="fl-4">
         <path>.\FreeRTOS\Source\</path>
         <kind>object</kind>
         <file>event_groups.obj</file>
         <name>event_groups.obj</name>
      </input_file>
      <input_file id="fl-5">
         <path>.\FreeRTOS\Source\</path>
         <kind>object</kind>
         <file>list.obj</file>
         <name>list.obj</name>
      </input_file>
      <input_file id="fl-6">
         <path>.\FreeRTOS\Source\</path>
         <kind>object</kind>
         <file>queue.obj</file>
         <name>queue.obj</name>
      </input_file>
      <input_file id="fl-7">
         <path>.\FreeRTOS\Source\</path>
         <kind>object</kind>
         <file>tasks.obj</file>
         <name>tasks.obj</name>
      </input_file>
      <input_file id="fl-8">
         <path>.\FreeRTOS\Source\</path>
         <kind>object</kind>
         <file>timers.obj</file>
         <name>timers.obj</name>
      </input_file>
      <input_file id="fl-9">
         <path>.\FreeRTOS\Source\portable\CCS\ARM_CM4F\</path>
         <kind>object</kind>
         <file>port.obj</file>
         <name>port.obj</name>
      </input_file>
      <input_file id="fl-a">
         <path>.\FreeRTOS\Source\portable\CCS\ARM_CM4F\</path>
         <kind>object</kind>
         <file>portasm.obj</file>
         <name>portasm.obj</name>
      </input_file>
      <input_file id="fl-b">
         <path>.\FreeRTOS\Source\portable\MemMang\</path>
         <kind>object</kind>
         <file>heap_2.obj</file>
         <name>heap_2.obj</name>
      </input_file>
      <input_file id="fl-c">
         <path>.\HAL\RGB Led\</path>
         <kind>object</kind>
         <file>RGB_LED.obj</file>
         <name>RGB_LED.obj</name>
      </input_file>
      <input_file id="fl-d">
         <path>.\HAL\Temp Sensor\</path>
         <kind>object</kind>
         <file>temp_sensor.obj</file>
         <name>temp_sensor.obj</name>
      </input_file>
      <input_file id="fl-e">
         <path>.\MCAL\ADC\</path>
         <kind>object</kind>
         <file>ADC.obj</file>
         <name>ADC.obj</name>
      </input_file>
      <input_file id="fl-f">
         <path>.\MCAL\GPIO\</path>
         <kind>object</kind>
         <file>gpio.obj</file>
         <name>gpio.obj</name>
      </input_file>
      <input_file id="fl-10">
         <path>.\MCAL\GPTM\</path>
         <kind>object</kind>
         <file>GPTM.obj</file>
         <name>GPTM.obj</name>
      </input_file>
      <input_file id="fl-11">
         <path>.\MCAL\UART\</path>
         <kind>object</kind>
         <file>uart0.obj</file>
         <name>uart0.obj</name>
      </input_file>
      <input_file id="fl-15">
         <kind>object</kind>
         <file>&lt;internal&gt;</file>
         <name>&lt;internal&gt;</name>
      </input_file>
      <input_file id="fl-cb">
         <path>C:\ti\ccs1260\ccs\tools\compiler\ti-cgt-arm_20.2.7.LTS\lib\</path>
         <kind>archive</kind>
         <file>rtsv7M4_T_le_v4SPD16_eabi.lib</file>
         <name>fd_div_t2.asm.obj</name>
      </input_file>
      <input_file id="fl-cc">
         <path>C:\ti\ccs1260\ccs\tools\compiler\ti-cgt-arm_20.2.7.LTS\lib\</path>
         <kind>archive</kind>
         <file>rtsv7M4_T_le_v4SPD16_eabi.lib</file>
         <name>fd_mul_t2.asm.obj</name>
      </input_file>
      <input_file id="fl-cd">
         <path>C:\ti\ccs1260\ccs\tools\compiler\ti-cgt-arm_20.2.7.LTS\lib\</path>
         <kind>archive</kind>
         <file>rtsv7M4_T_le_v4SPD16_eabi.lib</file>
         <name>fd_toi_t2.asm.obj</name>
      </input_file>
      <input_file id="fl-ce">
         <path>C:\ti\ccs1260\ccs\tools\compiler\ti-cgt-arm_20.2.7.LTS\lib\</path>
         <kind>archive</kind>
         <file>rtsv7M4_T_le_v4SPD16_eabi.lib</file>
         <name>fd_tos_t2.asm.obj</name>
      </input_file>
      <input_file id="fl-cf">
         <path>C:\ti\ccs1260\ccs\tools\compiler\ti-cgt-arm_20.2.7.LTS\lib\</path>
         <kind>archive</kind>
         <file>rtsv7M4_T_le_v4SPD16_eabi.lib</file>
         <name>fs_tod_t2.asm.obj</name>
      </input_file>
      <input_file id="fl-d0">
         <path>C:\ti\ccs1260\ccs\tools\compiler\ti-cgt-arm_20.2.7.LTS\lib\</path>
         <kind>archive</kind>
         <file>rtsv7M4_T_le_v4SPD16_eabi.lib</file>
         <name>ll_mul_t2.asm.obj</name>
      </input_file>
      <input_file id="fl-d1">
         <path>C:\ti\ccs1260\ccs\tools\compiler\ti-cgt-arm_20.2.7.LTS\lib\</path>
         <kind>archive</kind>
         <file>rtsv7M4_T_le_v4SPD16_eabi.lib</file>
         <name>memcpy_t2.asm.obj</name>
      </input_file>
      <input_file id="fl-d2">
         <path>C:\ti\ccs1260\ccs\tools\compiler\ti-cgt-arm_20.2.7.LTS\lib\</path>
         <kind>archive</kind>
         <file>rtsv7M4_T_le_v4SPD16_eabi.lib</file>
         <name>u_tofd_t2.asm.obj</name>
      </input_file>
      <input_file id="fl-d3">
         <path>C:\ti\ccs1260\ccs\tools\compiler\ti-cgt-arm_20.2.7.LTS\lib\</path>
         <kind>archive</kind>
         <file>rtsv7M4_T_le_v4SPD16_eabi.lib</file>
         <name>memset_t2.asm.obj</name>
      </input_file>
      <input_file id="fl-d4">
         <path>C:\ti\ccs1260\ccs\tools\compiler\ti-cgt-arm_20.2.7.LTS\lib\</path>
         <kind>archive</kind>
         <file>rtsv7M4_T_le_v4SPD16_eabi.lib</file>
         <name>ll_div_t2.asm.obj</name>
      </input_file>
      <input_file id="fl-d5">
         <path>C:\ti\ccs1260\ccs\tools\compiler\ti-cgt-arm_20.2.7.LTS\lib\</path>
         <kind>archive</kind>
         <file>rtsv7M4_T_le_v4SPD16_eabi.lib</file>
         <name>ull_div_t2.asm.obj</name>
      </input_file>
      <input_file id="fl-d6">
         <path>C:\ti\ccs1260\ccs\tools\compiler\ti-cgt-arm_20.2.7.LTS\lib\</path>
         <kind>archive</kind>
         <file>rtsv7M4_T_le_v4SPD16_eabi.lib</file>
         <name>copy_zero_init.c.obj</name>
      </input_file>
      <input_file id="fl-d7">
         <path>C:\ti\ccs1260\ccs\tools\compiler\ti-cgt-arm_20.2.7.LTS\lib\</path>
         <kind>archive</kind>
         <file>rtsv7M4_T_le_v4SPD16_eabi.lib</file>
         <name>copy_decompress_none.c.obj</name>
      </input_file>
      <input_file id="fl-d8">
         <path>C:\ti\ccs1260\ccs\tools\compiler\ti-cgt-arm_20.2.7.LTS\lib\</path>
         <kind>archive</kind>
         <file>rtsv7M4_T_le_v4SPD16_eabi.lib</file>
         <name>copy_decompress_lzss.c.obj</name>
      </input_file>
      <input_file id="fl-d9">
         <path>C:\ti\ccs1260\ccs\tools\compiler\ti-cgt-arm_20.2.7.LTS\lib\</path>
         <kind>archive</kind>
         <file>rtsv7M4_T_le_v4SPD16_eabi.lib</file>
         <name>strcpy.c.obj</name>
      </input_file>
      <input_file id="fl-da">
         <path>C:\ti\ccs1260\ccs\tools\compiler\ti-cgt-arm_20.2.7.LTS\lib\</path>
         <kind>archive</kind>
         <file>rtsv7M4_T_le_v4SPD16_eabi.lib</file>
         <name>boot_cortex_m.c.obj</name>
      </input_file>
      <input_file id="fl-db">
         <path>C:\ti\ccs1260\ccs\tools\compiler\ti-cgt-arm_20.2.7.LTS\lib\</path>
         <kind>archive</kind>
         <file>rtsv7M4_T_le_v4SPD16_eabi.lib</file>
         <name>div0.asm.obj</name>
      </input_file>
      <input_file id="fl-dc">
         <path>C:\ti\ccs1260\ccs\tools\compiler\ti-cgt-arm_20.2.7.LTS\lib\</path>
         <kind>archive</kind>
         <file>rtsv7M4_T_le_v4SPD16_eabi.lib</file>
         <name>autoinit.c.obj</name>
      </input_file>
      <input_file id="fl-dd">
         <path>C:\ti\ccs1260\ccs\tools\compiler\ti-cgt-arm_20.2.7.LTS\lib\</path>
         <kind>archive</kind>
         <file>rtsv7M4_T_le_v4SPD16_eabi.lib</file>
         <name>pre_init.c.obj</name>
      </input_file>
      <input_file id="fl-de">
         <path>C:\ti\ccs1260\ccs\tools\compiler\ti-cgt-arm_20.2.7.LTS\lib\</path>
         <kind>archive</kind>
         <file>rtsv7M4_T_le_v4SPD16_eabi.lib</file>
         <name>cpy_tbl.c.obj</name>
      </input_file>
      <input_file id="fl-df">
         <path>C:\ti\ccs1260\ccs\tools\compiler\ti-cgt-arm_20.2.7.LTS\lib\</path>
         <kind>archive</kind>
         <file>rtsv7M4_T_le_v4SPD16_eabi.lib</file>
         <name>exit.c.obj</name>
      </input_file>
      <input_file id="fl-e0">
         <path>C:\ti\ccs1260\ccs\tools\compiler\ti-cgt-arm_20.2.7.LTS\lib\</path>
         <kind>archive</kind>
         <file>rtsv7M4_T_le_v4SPD16_eabi.lib</file>
         <name>_lock.c.obj</name>
      </input_file>
      <input_file id="fl-e1">
         <path>C:\ti\ccs1260\ccs\tools\compiler\ti-cgt-arm_20.2.7.LTS\lib\</path>
         <kind>archive</kind>
         <file>rtsv7M4_T_le_v4SPD16_eabi.lib</file>
         <name>args_main.c.obj</name>
      </input_file>
   </input_file_list>
   <object_component_list>
      <object_component id="oc-12">
         <name>.intvecs</name>
         <load_address>0x0</load_address>
         <run_address>0x0</run_address>
         <size>0x26c</size>
         <input_file_ref idref="fl-3"/>
      </object_component>
      <object_component id="oc-85">
         <name>.text</name>
         <load_address>0x26c</load_address>
         <run_address>0x26c</run_address>
         <size>0x20bc</size>
         <input_file_ref idref="fl-7"/>
      </object_component>
      <object_component id="oc-a6">
         <name>.text</name>
         <load_address>0x2328</load_address>
         <run_address>0x2328</run_address>
         <size>0x122c</size>
         <input_file_ref idref="fl-6"/>
      </object_component>
      <object_component id="oc-38">
         <name>.text</name>
         <load_address>0x3554</load_address>
         <run_address>0x3554</run_address>
         <size>0xda8</size>
         <input_file_ref idref="fl-2"/>
      </object_component>
      <object_component id="oc-106">
         <name>.text</name>
         <load_address>0x42fc</load_address>
         <run_address>0x42fc</run_address>
         <size>0x7bc</size>
         <input_file_ref idref="fl-8"/>
      </object_component>
      <object_component id="oc-fa">
         <name>.text</name>
         <load_address>0x4ab8</load_address>
         <run_address>0x4ab8</run_address>
         <size>0x66c</size>
         <input_file_ref idref="fl-f"/>
      </object_component>
      <object_component id="oc-a0">
         <name>.text</name>
         <load_address>0x5124</load_address>
         <run_address>0x5124</run_address>
         <size>0x4fe</size>
         <input_file_ref idref="fl-4"/>
      </object_component>
      <object_component id="oc-2c8">
         <name>.text</name>
         <load_address>0x5622</load_address>
         <run_address>0x5622</run_address>
         <size>0x2</size>
         <input_file_ref idref="fl-db"/>
      </object_component>
      <object_component id="oc-32">
         <name>.text</name>
         <load_address>0x5624</load_address>
         <run_address>0x5624</run_address>
         <size>0x2b4</size>
         <input_file_ref idref="fl-9"/>
      </object_component>
      <object_component id="oc-15f">
         <name>.text</name>
         <load_address>0x58d8</load_address>
         <run_address>0x58d8</run_address>
         <size>0x28c</size>
         <input_file_ref idref="fl-b"/>
      </object_component>
      <object_component id="oc-e9">
         <name>.text</name>
         <load_address>0x5b64</load_address>
         <run_address>0x5b64</run_address>
         <size>0x1c8</size>
         <input_file_ref idref="fl-11"/>
      </object_component>
      <object_component id="oc-1e5">
         <name>.text</name>
         <load_address>0x5d2c</load_address>
         <run_address>0x5d2c</run_address>
         <size>0x136</size>
         <input_file_ref idref="fl-cb"/>
      </object_component>
      <object_component id="oc-165">
         <name>.text</name>
         <load_address>0x5e62</load_address>
         <run_address>0x5e62</run_address>
         <size>0x12a</size>
         <input_file_ref idref="fl-5"/>
      </object_component>
      <object_component id="oc-e2">
         <name>.text</name>
         <load_address>0x5f8c</load_address>
         <run_address>0x5f8c</run_address>
         <size>0x128</size>
         <input_file_ref idref="fl-c"/>
      </object_component>
      <object_component id="oc-f4">
         <name>.text</name>
         <load_address>0x60b4</load_address>
         <run_address>0x60b4</run_address>
         <size>0xfc</size>
         <input_file_ref idref="fl-e"/>
      </object_component>
      <object_component id="oc-1e0">
         <name>.text</name>
         <load_address>0x61b0</load_address>
         <run_address>0x61b0</run_address>
         <size>0xfc</size>
         <input_file_ref idref="fl-cc"/>
      </object_component>
      <object_component id="oc-2d">
         <name>.text</name>
         <load_address>0x62ac</load_address>
         <run_address>0x62ac</run_address>
         <size>0xda</size>
         <input_file_ref idref="fl-a"/>
      </object_component>
      <object_component id="oc-4c">
         <name>.text</name>
         <load_address>0x6386</load_address>
         <run_address>0x6386</run_address>
         <size>0x9c</size>
         <input_file_ref idref="fl-d1"/>
      </object_component>
      <object_component id="oc-2cd">
         <name>.text</name>
         <load_address>0x6422</load_address>
         <run_address>0x6422</run_address>
         <size>0x96</size>
         <input_file_ref idref="fl-d5"/>
      </object_component>
      <object_component id="oc-ce">
         <name>.text</name>
         <load_address>0x64b8</load_address>
         <run_address>0x64b8</run_address>
         <size>0x80</size>
         <input_file_ref idref="fl-d"/>
      </object_component>
      <object_component id="oc-13d">
         <name>.text</name>
         <load_address>0x6538</load_address>
         <run_address>0x6538</run_address>
         <size>0x7a</size>
         <input_file_ref idref="fl-d3"/>
      </object_component>
      <object_component id="oc-1ea">
         <name>.text</name>
         <load_address>0x65b2</load_address>
         <run_address>0x65b2</run_address>
         <size>0x6e</size>
         <input_file_ref idref="fl-ce"/>
      </object_component>
      <object_component id="oc-200">
         <name>.text</name>
         <load_address>0x6620</load_address>
         <run_address>0x6620</run_address>
         <size>0x6e</size>
         <input_file_ref idref="fl-d4"/>
      </object_component>
      <object_component id="oc-15">
         <name>.text:decompress:lzss:__TI_decompress_lzss</name>
         <load_address>0x668e</load_address>
         <run_address>0x668e</run_address>
         <size>0x68</size>
         <input_file_ref idref="fl-d8"/>
      </object_component>
      <object_component id="oc-d6">
         <name>.text</name>
         <load_address>0x66f8</load_address>
         <run_address>0x66f8</run_address>
         <size>0x54</size>
         <input_file_ref idref="fl-10"/>
      </object_component>
      <object_component id="oc-1f4">
         <name>.text</name>
         <load_address>0x674c</load_address>
         <run_address>0x674c</run_address>
         <size>0x48</size>
         <input_file_ref idref="fl-cd"/>
      </object_component>
      <object_component id="oc-249">
         <name>.text:__TI_auto_init_nobinit_nopinit:__TI_auto_init_nobinit_nopinit</name>
         <load_address>0x6794</load_address>
         <run_address>0x6794</run_address>
         <size>0x44</size>
         <input_file_ref idref="fl-dc"/>
      </object_component>
      <object_component id="oc-1ef">
         <name>.text</name>
         <load_address>0x67d8</load_address>
         <run_address>0x67d8</run_address>
         <size>0x38</size>
         <input_file_ref idref="fl-cf"/>
      </object_component>
      <object_component id="oc-6a">
         <name>.text:_c_int00_noargs:_c_int00_noargs</name>
         <load_address>0x6810</load_address>
         <run_address>0x6810</run_address>
         <size>0x34</size>
         <input_file_ref idref="fl-da"/>
      </object_component>
      <object_component id="oc-1db">
         <name>.text</name>
         <load_address>0x6844</load_address>
         <run_address>0x6844</run_address>
         <size>0x20</size>
         <input_file_ref idref="fl-d2"/>
      </object_component>
      <object_component id="oc-ef">
         <name>.text</name>
         <load_address>0x6864</load_address>
         <run_address>0x6864</run_address>
         <size>0x18</size>
         <input_file_ref idref="fl-d0"/>
      </object_component>
      <object_component id="oc-dc">
         <name>.text:strcpy</name>
         <load_address>0x687c</load_address>
         <run_address>0x687c</run_address>
         <size>0x14</size>
         <input_file_ref idref="fl-d9"/>
      </object_component>
      <object_component id="oc-1b">
         <name>.text:decompress:none:__TI_decompress_none</name>
         <load_address>0x6890</load_address>
         <run_address>0x6890</run_address>
         <size>0xe</size>
         <input_file_ref idref="fl-d7"/>
      </object_component>
      <object_component id="oc-5e">
         <name>.text:decompress:ZI:__TI_zero_init</name>
         <load_address>0x689e</load_address>
         <run_address>0x689e</run_address>
         <size>0xc</size>
         <input_file_ref idref="fl-d6"/>
      </object_component>
      <object_component id="oc-27">
         <name>.text</name>
         <load_address>0x68aa</load_address>
         <run_address>0x68aa</run_address>
         <size>0xc</size>
         <input_file_ref idref="fl-3"/>
      </object_component>
      <object_component id="oc-143">
         <name>.text:_system_pre_init</name>
         <load_address>0x68b6</load_address>
         <run_address>0x68b6</run_address>
         <size>0x4</size>
         <input_file_ref idref="fl-dd"/>
      </object_component>
      <object_component id="oc-23d">
         <name>.text:abort:abort</name>
         <load_address>0x68ba</load_address>
         <run_address>0x68ba</run_address>
         <size>0x4</size>
         <input_file_ref idref="fl-df"/>
      </object_component>
      <object_component id="oc-2b5">
         <name>.const:ADC_channels</name>
         <load_address>0x68c0</load_address>
         <run_address>0x68c0</run_address>
         <size>0x24</size>
         <input_file_ref idref="fl-e"/>
      </object_component>
      <object_component id="oc-82">
         <name>.const</name>
         <load_address>0x68e4</load_address>
         <run_address>0x68e4</run_address>
         <size>0x8</size>
         <input_file_ref idref="fl-9"/>
      </object_component>
      <object_component id="oc-177">
         <name>.const</name>
         <load_address>0x68ec</load_address>
         <run_address>0x68ec</run_address>
         <size>0x4</size>
         <input_file_ref idref="fl-7"/>
      </object_component>
      <object_component id="oc-373">
         <name>.cinit..data.load</name>
         <load_address>0x68f0</load_address>
         <run_address>0x68f0</run_address>
         <size>0x6f</size>
      </object_component>
      <object_component id="oc-371">
         <name>__TI_handler_table</name>
         <load_address>0x6960</load_address>
         <run_address>0x6960</run_address>
         <size>0xc</size>
      </object_component>
      <object_component id="oc-374">
         <name>.cinit..bss.load</name>
         <load_address>0x6970</load_address>
         <run_address>0x6970</run_address>
         <size>0x8</size>
      </object_component>
      <object_component id="oc-372">
         <name>__TI_cinit_table</name>
         <load_address>0x6978</load_address>
         <run_address>0x6978</run_address>
         <size>0x10</size>
      </object_component>
      <object_component id="oc-100">
         <name>.data:led</name>
         <load_address>0x200032b4</load_address>
         <run_address>0x200032b4</run_address>
         <size>0x4</size>
         <input_file_ref idref="fl-2"/>
      </object_component>
      <object_component id="oc-103">
         <name>.data:led2</name>
         <load_address>0x200032b0</load_address>
         <run_address>0x200032b0</run_address>
         <size>0x4</size>
         <input_file_ref idref="fl-2"/>
      </object_component>
      <object_component id="oc-1cf">
         <name>.data:driverSeatSensor</name>
         <load_address>0x200032ac</load_address>
         <run_address>0x200032ac</run_address>
         <size>0x4</size>
         <input_file_ref idref="fl-2"/>
      </object_component>
      <object_component id="oc-1d5">
         <name>.data:passengerSeatSensor</name>
         <load_address>0x200032b8</load_address>
         <run_address>0x200032b8</run_address>
         <size>0x4</size>
         <input_file_ref idref="fl-2"/>
      </object_component>
      <object_component id="oc-af">
         <name>.data:driverSeat</name>
         <load_address>0x20003234</load_address>
         <run_address>0x20003234</run_address>
         <size>0x2c</size>
         <input_file_ref idref="fl-2"/>
      </object_component>
      <object_component id="oc-b8">
         <name>.data:passengerSeat</name>
         <load_address>0x20003260</load_address>
         <run_address>0x20003260</run_address>
         <size>0x2c</size>
         <input_file_ref idref="fl-2"/>
      </object_component>
      <object_component id="oc-7f">
         <name>.data</name>
         <load_address>0x20003200</load_address>
         <run_address>0x20003200</run_address>
         <size>0x34</size>
         <input_file_ref idref="fl-7"/>
      </object_component>
      <object_component id="oc-215">
         <name>.data</name>
         <load_address>0x20003298</load_address>
         <run_address>0x20003298</run_address>
         <size>0xc</size>
         <input_file_ref idref="fl-8"/>
      </object_component>
      <object_component id="oc-8c">
         <name>.data</name>
         <load_address>0x2000328c</load_address>
         <run_address>0x2000328c</run_address>
         <size>0xc</size>
         <input_file_ref idref="fl-9"/>
      </object_component>
      <object_component id="oc-287">
         <name>.data</name>
         <load_address>0x200032a4</load_address>
         <run_address>0x200032a4</run_address>
         <size>0x8</size>
         <input_file_ref idref="fl-b"/>
      </object_component>
      <object_component id="oc-16b">
         <name>.bss:pxReadyTasksLists</name>
         <uninitialized>true</uninitialized>
         <run_address>0x20002e58</run_address>
         <size>0x78</size>
         <input_file_ref idref="fl-7"/>
      </object_component>
      <object_component id="oc-17d">
         <name>.bss:xDelayedTaskList1</name>
         <uninitialized>true</uninitialized>
         <run_address>0x20002ef8</run_address>
         <size>0x14</size>
         <input_file_ref idref="fl-7"/>
      </object_component>
      <object_component id="oc-180">
         <name>.bss:xDelayedTaskList2</name>
         <uninitialized>true</uninitialized>
         <run_address>0x20002f0c</run_address>
         <size>0x14</size>
         <input_file_ref idref="fl-7"/>
      </object_component>
      <object_component id="oc-17a">
         <name>.bss</name>
         <uninitialized>true</uninitialized>
         <run_address>0x20002f5c</run_address>
         <size>0x8</size>
         <input_file_ref idref="fl-7"/>
      </object_component>
      <object_component id="oc-174">
         <name>.bss:xPendingReadyList</name>
         <uninitialized>true</uninitialized>
         <run_address>0x20002f20</run_address>
         <size>0x14</size>
         <input_file_ref idref="fl-7"/>
      </object_component>
      <object_component id="oc-16e">
         <name>.bss:xTasksWaitingTermination</name>
         <uninitialized>true</uninitialized>
         <run_address>0x20002f48</run_address>
         <size>0x14</size>
         <input_file_ref idref="fl-7"/>
      </object_component>
      <object_component id="oc-171">
         <name>.bss:xSuspendedTaskList</name>
         <uninitialized>true</uninitialized>
         <run_address>0x20002f34</run_address>
         <size>0x14</size>
         <input_file_ref idref="fl-7"/>
      </object_component>
      <object_component id="oc-21b">
         <name>.bss:xActiveTimerList1</name>
         <uninitialized>true</uninitialized>
         <run_address>0x20002ed0</run_address>
         <size>0x14</size>
         <input_file_ref idref="fl-8"/>
      </object_component>
      <object_component id="oc-21e">
         <name>.bss:xActiveTimerList2</name>
         <uninitialized>true</uninitialized>
         <run_address>0x20002ee4</run_address>
         <size>0x14</size>
         <input_file_ref idref="fl-8"/>
      </object_component>
      <object_component id="oc-218">
         <name>.bss</name>
         <uninitialized>true</uninitialized>
         <run_address>0x20002f64</run_address>
         <size>0x8</size>
         <input_file_ref idref="fl-8"/>
      </object_component>
      <object_component id="oc-290">
         <name>.bss:ucHeap</name>
         <uninitialized>true</uninitialized>
         <run_address>0x20000000</run_address>
         <size>0x2c00</size>
         <input_file_ref idref="fl-b"/>
      </object_component>
      <object_component id="oc-28a">
         <name>.bss:xStart</name>
         <uninitialized>true</uninitialized>
         <run_address>0x20002f74</run_address>
         <size>0x8</size>
         <input_file_ref idref="fl-b"/>
      </object_component>
      <object_component id="oc-28d">
         <name>.bss:xEnd</name>
         <uninitialized>true</uninitialized>
         <run_address>0x20002f6c</run_address>
         <size>0x8</size>
         <input_file_ref idref="fl-b"/>
      </object_component>
      <object_component id="oc-c2">
         <name>.common:xEventGroup</name>
         <uninitialized>true</uninitialized>
         <run_address>0x20002fa4</run_address>
         <size>0x4</size>
      </object_component>
      <object_component id="oc-c3">
         <name>.common:xReadToCtrlSeat1</name>
         <uninitialized>true</uninitialized>
         <run_address>0x20002fac</run_address>
         <size>0x4</size>
      </object_component>
      <object_component id="oc-c4">
         <name>.common:xReadToCtrlSeat2</name>
         <uninitialized>true</uninitialized>
         <run_address>0x20002fb0</run_address>
         <size>0x4</size>
      </object_component>
      <object_component id="oc-c5">
         <name>.common:xSetToCtrlSeat1</name>
         <uninitialized>true</uninitialized>
         <run_address>0x20002fb4</run_address>
         <size>0x4</size>
      </object_component>
      <object_component id="oc-c6">
         <name>.common:xSetToCtrlSeat2</name>
         <uninitialized>true</uninitialized>
         <run_address>0x20002fb8</run_address>
         <size>0x4</size>
      </object_component>
      <object_component id="oc-c7">
         <name>.common:xCtrlToHeatSeat1</name>
         <uninitialized>true</uninitialized>
         <run_address>0x20002f98</run_address>
         <size>0x4</size>
      </object_component>
      <object_component id="oc-c8">
         <name>.common:xCtrlToHeatSeat2</name>
         <uninitialized>true</uninitialized>
         <run_address>0x20002f9c</run_address>
         <size>0x4</size>
      </object_component>
      <object_component id="oc-c9">
         <name>.common:xCtrlToError</name>
         <uninitialized>true</uninitialized>
         <run_address>0x20002f94</run_address>
         <size>0x4</size>
      </object_component>
      <object_component id="oc-ca">
         <name>.common:xSetToStateSeat1</name>
         <uninitialized>true</uninitialized>
         <run_address>0x20002fbc</run_address>
         <size>0x4</size>
      </object_component>
      <object_component id="oc-cb">
         <name>.common:xSetToStateSeat2</name>
         <uninitialized>true</uninitialized>
         <run_address>0x20002fc0</run_address>
         <size>0x4</size>
      </object_component>
      <object_component id="oc-cc">
         <name>.common:set_read_to_ctrl_seat_1</name>
         <uninitialized>true</uninitialized>
         <run_address>0x20002f8c</run_address>
         <size>0x4</size>
      </object_component>
      <object_component id="oc-cd">
         <name>.common:set_read_to_ctrl_seat_2</name>
         <uninitialized>true</uninitialized>
         <run_address>0x20002f90</run_address>
         <size>0x4</size>
      </object_component>
      <object_component id="oc-e8">
         <name>.common:xErrorLogArray</name>
         <uninitialized>true</uninitialized>
         <run_address>0x20002c00</run_address>
         <size>0x258</size>
      </object_component>
      <object_component id="oc-1d2">
         <name>.common:xDriverStateLog</name>
         <uninitialized>true</uninitialized>
         <run_address>0x20002f7c</run_address>
         <size>0x8</size>
      </object_component>
      <object_component id="oc-1d8">
         <name>.common:xPassengerStateLog</name>
         <uninitialized>true</uninitialized>
         <run_address>0x20002f84</run_address>
         <size>0x8</size>
      </object_component>
      <object_component id="oc-d4">
         <name>.common:xDriverDisplayData</name>
         <uninitialized>true</uninitialized>
         <run_address>0x20002fa0</run_address>
         <size>0x4</size>
      </object_component>
      <object_component id="oc-d5">
         <name>.common:xPassengerDisplayData</name>
         <uninitialized>true</uninitialized>
         <run_address>0x20002fa8</run_address>
         <size>0x4</size>
      </object_component>
      <object_component id="oc-ac">
         <name>.common:xTaskHandle1</name>
         <uninitialized>true</uninitialized>
         <run_address>0x20002fc4</run_address>
         <size>0x4</size>
      </object_component>
      <object_component id="oc-b2">
         <name>.common:xTaskHandle2</name>
         <uninitialized>true</uninitialized>
         <run_address>0x20002fdc</run_address>
         <size>0x4</size>
      </object_component>
      <object_component id="oc-b3">
         <name>.common:xTaskHandle3</name>
         <uninitialized>true</uninitialized>
         <run_address>0x20002fe0</run_address>
         <size>0x4</size>
      </object_component>
      <object_component id="oc-b4">
         <name>.common:xTaskHandle4</name>
         <uninitialized>true</uninitialized>
         <run_address>0x20002fe4</run_address>
         <size>0x4</size>
      </object_component>
      <object_component id="oc-b5">
         <name>.common:xTaskHandle5</name>
         <uninitialized>true</uninitialized>
         <run_address>0x20002fe8</run_address>
         <size>0x4</size>
      </object_component>
      <object_component id="oc-c1">
         <name>.common:xTaskHandle6</name>
         <uninitialized>true</uninitialized>
         <run_address>0x20002fec</run_address>
         <size>0x4</size>
      </object_component>
      <object_component id="oc-b6">
         <name>.common:xTaskHandle7</name>
         <uninitialized>true</uninitialized>
         <run_address>0x20002ff0</run_address>
         <size>0x4</size>
      </object_component>
      <object_component id="oc-b7">
         <name>.common:xTaskHandle8</name>
         <uninitialized>true</uninitialized>
         <run_address>0x20002ff4</run_address>
         <size>0x4</size>
      </object_component>
      <object_component id="oc-bb">
         <name>.common:xTaskHandle9</name>
         <uninitialized>true</uninitialized>
         <run_address>0x20002ff8</run_address>
         <size>0x4</size>
      </object_component>
      <object_component id="oc-bc">
         <name>.common:xTaskHandle10</name>
         <uninitialized>true</uninitialized>
         <run_address>0x20002fc8</run_address>
         <size>0x4</size>
      </object_component>
      <object_component id="oc-bd">
         <name>.common:xTaskHandle11</name>
         <uninitialized>true</uninitialized>
         <run_address>0x20002fcc</run_address>
         <size>0x4</size>
      </object_component>
      <object_component id="oc-be">
         <name>.common:xTaskHandle12</name>
         <uninitialized>true</uninitialized>
         <run_address>0x20002fd0</run_address>
         <size>0x4</size>
      </object_component>
      <object_component id="oc-bf">
         <name>.common:xTaskHandle13</name>
         <uninitialized>true</uninitialized>
         <run_address>0x20002fd4</run_address>
         <size>0x4</size>
      </object_component>
      <object_component id="oc-c0">
         <name>.common:xTaskHandle14</name>
         <uninitialized>true</uninitialized>
         <run_address>0x20002fd8</run_address>
         <size>0x4</size>
      </object_component>
      <object_component id="oc-24">
         <name>.stack</name>
         <uninitialized>true</uninitialized>
         <run_address>0x20003000</run_address>
         <size>0x4</size>
         <input_file_ref idref="fl-da"/>
      </object_component>
      <object_component id="oc-376">
         <name>.stack</name>
         <uninitialized>true</uninitialized>
         <run_address>0x20003000</run_address>
         <size>0x0</size>
      </object_component>
      <object_component id="oc-ad">
         <name>.debug_info</name>
         <load_address>0x0</load_address>
         <run_address>0x0</run_address>
         <size>0x11cc</size>
         <input_file_ref idref="fl-2"/>
      </object_component>
      <object_component id="oc-101">
         <name>.debug_info</name>
         <load_address>0x11cc</load_address>
         <run_address>0x11cc</run_address>
         <size>0xda</size>
         <input_file_ref idref="fl-2"/>
      </object_component>
      <object_component id="oc-104">
         <name>.debug_info</name>
         <load_address>0x12a6</load_address>
         <run_address>0x12a6</run_address>
         <size>0xdc</size>
         <input_file_ref idref="fl-2"/>
      </object_component>
      <object_component id="oc-1d0">
         <name>.debug_info</name>
         <load_address>0x1382</load_address>
         <run_address>0x1382</run_address>
         <size>0xf4</size>
         <input_file_ref idref="fl-2"/>
      </object_component>
      <object_component id="oc-1d6">
         <name>.debug_info</name>
         <load_address>0x1476</load_address>
         <run_address>0x1476</run_address>
         <size>0xfa</size>
         <input_file_ref idref="fl-2"/>
      </object_component>
      <object_component id="oc-b0">
         <name>.debug_info</name>
         <load_address>0x1570</load_address>
         <run_address>0x1570</run_address>
         <size>0xe8</size>
         <input_file_ref idref="fl-2"/>
      </object_component>
      <object_component id="oc-b9">
         <name>.debug_info</name>
         <load_address>0x1658</load_address>
         <run_address>0x1658</run_address>
         <size>0xee</size>
         <input_file_ref idref="fl-2"/>
      </object_component>
      <object_component id="oc-39">
         <name>.debug_info</name>
         <load_address>0x1746</load_address>
         <run_address>0x1746</run_address>
         <size>0x15f6</size>
         <input_file_ref idref="fl-2"/>
      </object_component>
      <object_component id="oc-117">
         <name>.debug_info</name>
         <load_address>0x2d3c</load_address>
         <run_address>0x2d3c</run_address>
         <size>0x25a</size>
         <input_file_ref idref="fl-2"/>
      </object_component>
      <object_component id="oc-18d">
         <name>.debug_info</name>
         <load_address>0x2f96</load_address>
         <run_address>0x2f96</run_address>
         <size>0x315</size>
         <input_file_ref idref="fl-2"/>
      </object_component>
      <object_component id="oc-20c">
         <name>.debug_info</name>
         <load_address>0x32ab</load_address>
         <run_address>0x32ab</run_address>
         <size>0xac</size>
         <input_file_ref idref="fl-2"/>
      </object_component>
      <object_component id="oc-1b6">
         <name>.debug_info</name>
         <load_address>0x3357</load_address>
         <run_address>0x3357</run_address>
         <size>0x72</size>
         <input_file_ref idref="fl-2"/>
      </object_component>
      <object_component id="oc-1bb">
         <name>.debug_info</name>
         <load_address>0x33c9</load_address>
         <run_address>0x33c9</run_address>
         <size>0x5e</size>
         <input_file_ref idref="fl-2"/>
      </object_component>
      <object_component id="oc-1c0">
         <name>.debug_info</name>
         <load_address>0x3427</load_address>
         <run_address>0x3427</run_address>
         <size>0x4a</size>
         <input_file_ref idref="fl-2"/>
      </object_component>
      <object_component id="oc-123">
         <name>.debug_info</name>
         <load_address>0x3471</load_address>
         <run_address>0x3471</run_address>
         <size>0x26b</size>
         <input_file_ref idref="fl-2"/>
      </object_component>
      <object_component id="oc-197">
         <name>.debug_info</name>
         <load_address>0x36dc</load_address>
         <run_address>0x36dc</run_address>
         <size>0x3f8</size>
         <input_file_ref idref="fl-2"/>
      </object_component>
      <object_component id="oc-11c">
         <name>.debug_info</name>
         <load_address>0x3ad4</load_address>
         <run_address>0x3ad4</run_address>
         <size>0x42</size>
         <input_file_ref idref="fl-2"/>
      </object_component>
      <object_component id="oc-10d">
         <name>.debug_info</name>
         <load_address>0x3b16</load_address>
         <run_address>0x3b16</run_address>
         <size>0x4f</size>
         <input_file_ref idref="fl-2"/>
      </object_component>
      <object_component id="oc-47">
         <name>.debug_info</name>
         <load_address>0x3b65</load_address>
         <run_address>0x3b65</run_address>
         <size>0x84</size>
         <input_file_ref idref="fl-2"/>
      </object_component>
      <object_component id="oc-91">
         <name>.debug_info</name>
         <load_address>0x3be9</load_address>
         <run_address>0x3be9</run_address>
         <size>0x2c</size>
         <input_file_ref idref="fl-2"/>
      </object_component>
      <object_component id="oc-1c5">
         <name>.debug_info</name>
         <load_address>0x3c15</load_address>
         <run_address>0x3c15</run_address>
         <size>0x4f</size>
         <input_file_ref idref="fl-2"/>
      </object_component>
      <object_component id="oc-19c">
         <name>.debug_info</name>
         <load_address>0x3c64</load_address>
         <run_address>0x3c64</run_address>
         <size>0x2a4</size>
         <input_file_ref idref="fl-2"/>
      </object_component>
      <object_component id="oc-9b">
         <name>.debug_info</name>
         <load_address>0x3f08</load_address>
         <run_address>0x3f08</run_address>
         <size>0xbb</size>
         <input_file_ref idref="fl-2"/>
      </object_component>
      <object_component id="oc-112">
         <name>.debug_info</name>
         <load_address>0x3fc3</load_address>
         <run_address>0x3fc3</run_address>
         <size>0xae</size>
         <input_file_ref idref="fl-2"/>
      </object_component>
      <object_component id="oc-188">
         <name>.debug_info</name>
         <load_address>0x4071</load_address>
         <run_address>0x4071</run_address>
         <size>0x53</size>
         <input_file_ref idref="fl-2"/>
      </object_component>
      <object_component id="oc-96">
         <name>.debug_info</name>
         <load_address>0x40c4</load_address>
         <run_address>0x40c4</run_address>
         <size>0x53</size>
         <input_file_ref idref="fl-2"/>
      </object_component>
      <object_component id="oc-1ca">
         <name>.debug_info</name>
         <load_address>0x4117</load_address>
         <run_address>0x4117</run_address>
         <size>0x35</size>
         <input_file_ref idref="fl-2"/>
      </object_component>
      <object_component id="oc-192">
         <name>.debug_info</name>
         <load_address>0x414c</load_address>
         <run_address>0x414c</run_address>
         <size>0x14c</size>
         <input_file_ref idref="fl-2"/>
      </object_component>
      <object_component id="oc-40">
         <name>.debug_info</name>
         <load_address>0x4298</load_address>
         <run_address>0x4298</run_address>
         <size>0x36b</size>
         <input_file_ref idref="fl-3"/>
      </object_component>
      <object_component id="oc-13">
         <name>.debug_info</name>
         <load_address>0x4603</load_address>
         <run_address>0x4603</run_address>
         <size>0x100</size>
         <input_file_ref idref="fl-3"/>
      </object_component>
      <object_component id="oc-29">
         <name>.debug_info</name>
         <load_address>0x4703</load_address>
         <run_address>0x4703</run_address>
         <size>0x27c</size>
         <input_file_ref idref="fl-3"/>
      </object_component>
      <object_component id="oc-1a7">
         <name>.debug_info</name>
         <load_address>0x497f</load_address>
         <run_address>0x497f</run_address>
         <size>0x69b</size>
         <input_file_ref idref="fl-4"/>
      </object_component>
      <object_component id="oc-a1">
         <name>.debug_info</name>
         <load_address>0x501a</load_address>
         <run_address>0x501a</run_address>
         <size>0x13a9</size>
         <input_file_ref idref="fl-4"/>
      </object_component>
      <object_component id="oc-1af">
         <name>.debug_info</name>
         <load_address>0x63c3</load_address>
         <run_address>0x63c3</run_address>
         <size>0x110</size>
         <input_file_ref idref="fl-4"/>
      </object_component>
      <object_component id="oc-282">
         <name>.debug_info</name>
         <load_address>0x64d3</load_address>
         <run_address>0x64d3</run_address>
         <size>0x3f8</size>
         <input_file_ref idref="fl-4"/>
      </object_component>
      <object_component id="oc-2a9">
         <name>.debug_info</name>
         <load_address>0x68cb</load_address>
         <run_address>0x68cb</run_address>
         <size>0x62</size>
         <input_file_ref idref="fl-4"/>
      </object_component>
      <object_component id="oc-1a2">
         <name>.debug_info</name>
         <load_address>0x692d</load_address>
         <run_address>0x692d</run_address>
         <size>0x39</size>
         <input_file_ref idref="fl-4"/>
      </object_component>
      <object_component id="oc-296">
         <name>.debug_info</name>
         <load_address>0x6966</load_address>
         <run_address>0x6966</run_address>
         <size>0x399</size>
         <input_file_ref idref="fl-5"/>
      </object_component>
      <object_component id="oc-166">
         <name>.debug_info</name>
         <load_address>0x6cff</load_address>
         <run_address>0x6cff</run_address>
         <size>0x509</size>
         <input_file_ref idref="fl-5"/>
      </object_component>
      <object_component id="oc-1ae">
         <name>.debug_info</name>
         <load_address>0x7208</load_address>
         <run_address>0x7208</run_address>
         <size>0x8ff</size>
         <input_file_ref idref="fl-6"/>
      </object_component>
      <object_component id="oc-a7">
         <name>.debug_info</name>
         <load_address>0x7b07</load_address>
         <run_address>0x7b07</run_address>
         <size>0x3ad8</size>
         <input_file_ref idref="fl-6"/>
      </object_component>
      <object_component id="oc-2b0">
         <name>.debug_info</name>
         <load_address>0xb5df</load_address>
         <run_address>0xb5df</run_address>
         <size>0x1db</size>
         <input_file_ref idref="fl-6"/>
      </object_component>
      <object_component id="oc-1a9">
         <name>.debug_info</name>
         <load_address>0xb7ba</load_address>
         <run_address>0xb7ba</run_address>
         <size>0x46</size>
         <input_file_ref idref="fl-6"/>
      </object_component>
      <object_component id="oc-157">
         <name>.debug_info</name>
         <load_address>0xb800</load_address>
         <run_address>0xb800</run_address>
         <size>0x7f6</size>
         <input_file_ref idref="fl-7"/>
      </object_component>
      <object_component id="oc-80">
         <name>.debug_info</name>
         <load_address>0xbff6</load_address>
         <run_address>0xbff6</run_address>
         <size>0x35e</size>
         <input_file_ref idref="fl-7"/>
      </object_component>
      <object_component id="oc-16c">
         <name>.debug_info</name>
         <load_address>0xc354</load_address>
         <run_address>0xc354</run_address>
         <size>0x107</size>
         <input_file_ref idref="fl-7"/>
      </object_component>
      <object_component id="oc-17e">
         <name>.debug_info</name>
         <load_address>0xc45b</load_address>
         <run_address>0xc45b</run_address>
         <size>0x107</size>
         <input_file_ref idref="fl-7"/>
      </object_component>
      <object_component id="oc-181">
         <name>.debug_info</name>
         <load_address>0xc562</load_address>
         <run_address>0xc562</run_address>
         <size>0x107</size>
         <input_file_ref idref="fl-7"/>
      </object_component>
      <object_component id="oc-17b">
         <name>.debug_info</name>
         <load_address>0xc669</load_address>
         <run_address>0xc669</run_address>
         <size>0x14a</size>
         <input_file_ref idref="fl-7"/>
      </object_component>
      <object_component id="oc-175">
         <name>.debug_info</name>
         <load_address>0xc7b3</load_address>
         <run_address>0xc7b3</run_address>
         <size>0x107</size>
         <input_file_ref idref="fl-7"/>
      </object_component>
      <object_component id="oc-16f">
         <name>.debug_info</name>
         <load_address>0xc8ba</load_address>
         <run_address>0xc8ba</run_address>
         <size>0x115</size>
         <input_file_ref idref="fl-7"/>
      </object_component>
      <object_component id="oc-172">
         <name>.debug_info</name>
         <load_address>0xc9cf</load_address>
         <run_address>0xc9cf</run_address>
         <size>0x109</size>
         <input_file_ref idref="fl-7"/>
      </object_component>
      <object_component id="oc-178">
         <name>.debug_info</name>
         <load_address>0xcad8</load_address>
         <run_address>0xcad8</run_address>
         <size>0x108</size>
         <input_file_ref idref="fl-7"/>
      </object_component>
      <object_component id="oc-87">
         <name>.debug_info</name>
         <load_address>0xcbe0</load_address>
         <run_address>0xcbe0</run_address>
         <size>0x4778</size>
         <input_file_ref idref="fl-7"/>
      </object_component>
      <object_component id="oc-158">
         <name>.debug_info</name>
         <load_address>0x11358</load_address>
         <run_address>0x11358</run_address>
         <size>0x30c</size>
         <input_file_ref idref="fl-7"/>
      </object_component>
      <object_component id="oc-27d">
         <name>.debug_info</name>
         <load_address>0x11664</load_address>
         <run_address>0x11664</run_address>
         <size>0x11b</size>
         <input_file_ref idref="fl-7"/>
      </object_component>
      <object_component id="oc-227">
         <name>.debug_info</name>
         <load_address>0x1177f</load_address>
         <run_address>0x1177f</run_address>
         <size>0x84a</size>
         <input_file_ref idref="fl-8"/>
      </object_component>
      <object_component id="oc-21c">
         <name>.debug_info</name>
         <load_address>0x11fc9</load_address>
         <run_address>0x11fc9</run_address>
         <size>0x107</size>
         <input_file_ref idref="fl-8"/>
      </object_component>
      <object_component id="oc-21f">
         <name>.debug_info</name>
         <load_address>0x120d0</load_address>
         <run_address>0x120d0</run_address>
         <size>0x107</size>
         <input_file_ref idref="fl-8"/>
      </object_component>
      <object_component id="oc-219">
         <name>.debug_info</name>
         <load_address>0x121d7</load_address>
         <run_address>0x121d7</run_address>
         <size>0x13f</size>
         <input_file_ref idref="fl-8"/>
      </object_component>
      <object_component id="oc-216">
         <name>.debug_info</name>
         <load_address>0x12316</load_address>
         <run_address>0x12316</run_address>
         <size>0x12b</size>
         <input_file_ref idref="fl-8"/>
      </object_component>
      <object_component id="oc-108">
         <name>.debug_info</name>
         <load_address>0x12441</load_address>
         <run_address>0x12441</run_address>
         <size>0x23c2</size>
         <input_file_ref idref="fl-8"/>
      </object_component>
      <object_component id="oc-228">
         <name>.debug_info</name>
         <load_address>0x14803</load_address>
         <run_address>0x14803</run_address>
         <size>0x1ce</size>
         <input_file_ref idref="fl-8"/>
      </object_component>
      <object_component id="oc-222">
         <name>.debug_info</name>
         <load_address>0x149d1</load_address>
         <run_address>0x149d1</run_address>
         <size>0x46</size>
         <input_file_ref idref="fl-8"/>
      </object_component>
      <object_component id="oc-90">
         <name>.debug_info</name>
         <load_address>0x14a17</load_address>
         <run_address>0x14a17</run_address>
         <size>0x480</size>
         <input_file_ref idref="fl-9"/>
      </object_component>
      <object_component id="oc-83">
         <name>.debug_info</name>
         <load_address>0x14e97</load_address>
         <run_address>0x14e97</run_address>
         <size>0x17c</size>
         <input_file_ref idref="fl-9"/>
      </object_component>
      <object_component id="oc-8d">
         <name>.debug_info</name>
         <load_address>0x15013</load_address>
         <run_address>0x15013</run_address>
         <size>0x187</size>
         <input_file_ref idref="fl-9"/>
      </object_component>
      <object_component id="oc-34">
         <name>.debug_info</name>
         <load_address>0x1519a</load_address>
         <run_address>0x1519a</run_address>
         <size>0x913</size>
         <input_file_ref idref="fl-9"/>
      </object_component>
      <object_component id="oc-2f">
         <name>.debug_info</name>
         <load_address>0x15aad</load_address>
         <run_address>0x15aad</run_address>
         <size>0x269</size>
         <input_file_ref idref="fl-a"/>
      </object_component>
      <object_component id="oc-294">
         <name>.debug_info</name>
         <load_address>0x15d16</load_address>
         <run_address>0x15d16</run_address>
         <size>0x470</size>
         <input_file_ref idref="fl-b"/>
      </object_component>
      <object_component id="oc-291">
         <name>.debug_info</name>
         <load_address>0x16186</load_address>
         <run_address>0x16186</run_address>
         <size>0x102</size>
         <input_file_ref idref="fl-b"/>
      </object_component>
      <object_component id="oc-28b">
         <name>.debug_info</name>
         <load_address>0x16288</load_address>
         <run_address>0x16288</run_address>
         <size>0x102</size>
         <input_file_ref idref="fl-b"/>
      </object_component>
      <object_component id="oc-28e">
         <name>.debug_info</name>
         <load_address>0x1638a</load_address>
         <run_address>0x1638a</run_address>
         <size>0xfe</size>
         <input_file_ref idref="fl-b"/>
      </object_component>
      <object_component id="oc-288">
         <name>.debug_info</name>
         <load_address>0x16488</load_address>
         <run_address>0x16488</run_address>
         <size>0x11c</size>
         <input_file_ref idref="fl-b"/>
      </object_component>
      <object_component id="oc-160">
         <name>.debug_info</name>
         <load_address>0x165a4</load_address>
         <run_address>0x165a4</run_address>
         <size>0x840</size>
         <input_file_ref idref="fl-b"/>
      </object_component>
      <object_component id="oc-307">
         <name>.debug_info</name>
         <load_address>0x16de4</load_address>
         <run_address>0x16de4</run_address>
         <size>0x62</size>
         <input_file_ref idref="fl-b"/>
      </object_component>
      <object_component id="oc-1ff">
         <name>.debug_info</name>
         <load_address>0x16e46</load_address>
         <run_address>0x16e46</run_address>
         <size>0x349</size>
         <input_file_ref idref="fl-c"/>
      </object_component>
      <object_component id="oc-e5">
         <name>.debug_info</name>
         <load_address>0x1718f</load_address>
         <run_address>0x1718f</run_address>
         <size>0x7e5</size>
         <input_file_ref idref="fl-c"/>
      </object_component>
      <object_component id="oc-1fa">
         <name>.debug_info</name>
         <load_address>0x17974</load_address>
         <run_address>0x17974</run_address>
         <size>0x337</size>
         <input_file_ref idref="fl-d"/>
      </object_component>
      <object_component id="oc-d2">
         <name>.debug_info</name>
         <load_address>0x17cab</load_address>
         <run_address>0x17cab</run_address>
         <size>0x2c5</size>
         <input_file_ref idref="fl-d"/>
      </object_component>
      <object_component id="oc-209">
         <name>.debug_info</name>
         <load_address>0x17f70</load_address>
         <run_address>0x17f70</run_address>
         <size>0x2de</size>
         <input_file_ref idref="fl-e"/>
      </object_component>
      <object_component id="oc-2b6">
         <name>.debug_info</name>
         <load_address>0x1824e</load_address>
         <run_address>0x1824e</run_address>
         <size>0xf4</size>
         <input_file_ref idref="fl-e"/>
      </object_component>
      <object_component id="oc-f6">
         <name>.debug_info</name>
         <load_address>0x18342</load_address>
         <run_address>0x18342</run_address>
         <size>0x36c</size>
         <input_file_ref idref="fl-e"/>
      </object_component>
      <object_component id="oc-20b">
         <name>.debug_info</name>
         <load_address>0x186ae</load_address>
         <run_address>0x186ae</run_address>
         <size>0x272</size>
         <input_file_ref idref="fl-f"/>
      </object_component>
      <object_component id="oc-fd">
         <name>.debug_info</name>
         <load_address>0x18920</load_address>
         <run_address>0x18920</run_address>
         <size>0xb13</size>
         <input_file_ref idref="fl-f"/>
      </object_component>
      <object_component id="oc-d7">
         <name>.debug_info</name>
         <load_address>0x19433</load_address>
         <run_address>0x19433</run_address>
         <size>0x1a7</size>
         <input_file_ref idref="fl-10"/>
      </object_component>
      <object_component id="oc-206">
         <name>.debug_info</name>
         <load_address>0x195da</load_address>
         <run_address>0x195da</run_address>
         <size>0x281</size>
         <input_file_ref idref="fl-11"/>
      </object_component>
      <object_component id="oc-eb">
         <name>.debug_info</name>
         <load_address>0x1985b</load_address>
         <run_address>0x1985b</run_address>
         <size>0x481</size>
         <input_file_ref idref="fl-11"/>
      </object_component>
      <object_component id="oc-1e6">
         <name>.debug_info</name>
         <load_address>0x19cdc</load_address>
         <run_address>0x19cdc</run_address>
         <size>0x13a</size>
         <input_file_ref idref="fl-cb"/>
      </object_component>
      <object_component id="oc-1e2">
         <name>.debug_info</name>
         <load_address>0x19e16</load_address>
         <run_address>0x19e16</run_address>
         <size>0x13a</size>
         <input_file_ref idref="fl-cc"/>
      </object_component>
      <object_component id="oc-1f5">
         <name>.debug_info</name>
         <load_address>0x19f50</load_address>
         <run_address>0x19f50</run_address>
         <size>0x12e</size>
         <input_file_ref idref="fl-cd"/>
      </object_component>
      <object_component id="oc-1eb">
         <name>.debug_info</name>
         <load_address>0x1a07e</load_address>
         <run_address>0x1a07e</run_address>
         <size>0x13e</size>
         <input_file_ref idref="fl-ce"/>
      </object_component>
      <object_component id="oc-1f0">
         <name>.debug_info</name>
         <load_address>0x1a1bc</load_address>
         <run_address>0x1a1bc</run_address>
         <size>0x12c</size>
         <input_file_ref idref="fl-cf"/>
      </object_component>
      <object_component id="oc-f1">
         <name>.debug_info</name>
         <load_address>0x1a2e8</load_address>
         <run_address>0x1a2e8</run_address>
         <size>0x122</size>
         <input_file_ref idref="fl-d0"/>
      </object_component>
      <object_component id="oc-4f">
         <name>.debug_info</name>
         <load_address>0x1a40a</load_address>
         <run_address>0x1a40a</run_address>
         <size>0x119</size>
         <input_file_ref idref="fl-d1"/>
      </object_component>
      <object_component id="oc-1dc">
         <name>.debug_info</name>
         <load_address>0x1a523</load_address>
         <run_address>0x1a523</run_address>
         <size>0x12e</size>
         <input_file_ref idref="fl-d2"/>
      </object_component>
      <object_component id="oc-13e">
         <name>.debug_info</name>
         <load_address>0x1a651</load_address>
         <run_address>0x1a651</run_address>
         <size>0x147</size>
         <input_file_ref idref="fl-d3"/>
      </object_component>
      <object_component id="oc-201">
         <name>.debug_info</name>
         <load_address>0x1a798</load_address>
         <run_address>0x1a798</run_address>
         <size>0x13f</size>
         <input_file_ref idref="fl-d4"/>
      </object_component>
      <object_component id="oc-2ce">
         <name>.debug_info</name>
         <load_address>0x1a8d7</load_address>
         <run_address>0x1a8d7</run_address>
         <size>0x134</size>
         <input_file_ref idref="fl-d5"/>
      </object_component>
      <object_component id="oc-13c">
         <name>.debug_info</name>
         <load_address>0x1aa0b</load_address>
         <run_address>0x1aa0b</run_address>
         <size>0x2d4</size>
         <input_file_ref idref="fl-d6"/>
      </object_component>
      <object_component id="oc-62">
         <name>.debug_info</name>
         <load_address>0x1acdf</load_address>
         <run_address>0x1acdf</run_address>
         <size>0x1b5</size>
         <input_file_ref idref="fl-d6"/>
      </object_component>
      <object_component id="oc-137">
         <name>.debug_info</name>
         <load_address>0x1ae94</load_address>
         <run_address>0x1ae94</run_address>
         <size>0x46</size>
         <input_file_ref idref="fl-d6"/>
      </object_component>
      <object_component id="oc-234">
         <name>.debug_info</name>
         <load_address>0x1aeda</load_address>
         <run_address>0x1aeda</run_address>
         <size>0x2c</size>
         <input_file_ref idref="fl-d6"/>
      </object_component>
      <object_component id="oc-57">
         <name>.debug_info</name>
         <load_address>0x1af06</load_address>
         <run_address>0x1af06</run_address>
         <size>0x2a8</size>
         <input_file_ref idref="fl-d7"/>
      </object_component>
      <object_component id="oc-1e">
         <name>.debug_info</name>
         <load_address>0x1b1ae</load_address>
         <run_address>0x1b1ae</run_address>
         <size>0x1ea</size>
         <input_file_ref idref="fl-d7"/>
      </object_component>
      <object_component id="oc-52">
         <name>.debug_info</name>
         <load_address>0x1b398</load_address>
         <run_address>0x1b398</run_address>
         <size>0x46</size>
         <input_file_ref idref="fl-d7"/>
      </object_component>
      <object_component id="oc-12f">
         <name>.debug_info</name>
         <load_address>0x1b3de</load_address>
         <run_address>0x1b3de</run_address>
         <size>0x2c</size>
         <input_file_ref idref="fl-d7"/>
      </object_component>
      <object_component id="oc-12d">
         <name>.debug_info</name>
         <load_address>0x1b40a</load_address>
         <run_address>0x1b40a</run_address>
         <size>0x29e</size>
         <input_file_ref idref="fl-d8"/>
      </object_component>
      <object_component id="oc-17">
         <name>.debug_info</name>
         <load_address>0x1b6a8</load_address>
         <run_address>0x1b6a8</run_address>
         <size>0x250</size>
         <input_file_ref idref="fl-d8"/>
      </object_component>
      <object_component id="oc-42">
         <name>.debug_info</name>
         <load_address>0x1b8f8</load_address>
         <run_address>0x1b8f8</run_address>
         <size>0x60</size>
         <input_file_ref idref="fl-d8"/>
      </object_component>
      <object_component id="oc-22d">
         <name>.debug_info</name>
         <load_address>0x1b958</load_address>
         <run_address>0x1b958</run_address>
         <size>0x46</size>
         <input_file_ref idref="fl-d8"/>
      </object_component>
      <object_component id="oc-128">
         <name>.debug_info</name>
         <load_address>0x1b99e</load_address>
         <run_address>0x1b99e</run_address>
         <size>0x39</size>
         <input_file_ref idref="fl-d8"/>
      </object_component>
      <object_component id="oc-1fd">
         <name>.debug_info</name>
         <load_address>0x1b9d7</load_address>
         <run_address>0x1b9d7</run_address>
         <size>0x2a4</size>
         <input_file_ref idref="fl-d9"/>
      </object_component>
      <object_component id="oc-e0">
         <name>.debug_info</name>
         <load_address>0x1bc7b</load_address>
         <run_address>0x1bc7b</run_address>
         <size>0x24d</size>
         <input_file_ref idref="fl-d9"/>
      </object_component>
      <object_component id="oc-25">
         <name>.debug_info</name>
         <load_address>0x1bec8</load_address>
         <run_address>0x1bec8</run_address>
         <size>0x10b</size>
         <input_file_ref idref="fl-da"/>
      </object_component>
      <object_component id="oc-6c">
         <name>.debug_info</name>
         <load_address>0x1bfd3</load_address>
         <run_address>0x1bfd3</run_address>
         <size>0x1a9</size>
         <input_file_ref idref="fl-da"/>
      </object_component>
      <object_component id="oc-2c9">
         <name>.debug_info</name>
         <load_address>0x1c17c</load_address>
         <run_address>0x1c17c</run_address>
         <size>0x115</size>
         <input_file_ref idref="fl-db"/>
      </object_component>
      <object_component id="oc-2ee">
         <name>.debug_info</name>
         <load_address>0x1c291</load_address>
         <run_address>0x1c291</run_address>
         <size>0x4b3</size>
         <input_file_ref idref="fl-dc"/>
      </object_component>
      <object_component id="oc-24d">
         <name>.debug_info</name>
         <load_address>0x1c744</load_address>
         <run_address>0x1c744</run_address>
         <size>0x1a6</size>
         <input_file_ref idref="fl-dc"/>
      </object_component>
      <object_component id="oc-328">
         <name>.debug_info</name>
         <load_address>0x1c8ea</load_address>
         <run_address>0x1c8ea</run_address>
         <size>0x39</size>
         <input_file_ref idref="fl-dc"/>
      </object_component>
      <object_component id="oc-33c">
         <name>.debug_info</name>
         <load_address>0x1c923</load_address>
         <run_address>0x1c923</run_address>
         <size>0x39</size>
         <input_file_ref idref="fl-dc"/>
      </object_component>
      <object_component id="oc-32d">
         <name>.debug_info</name>
         <load_address>0x1c95c</load_address>
         <run_address>0x1c95c</run_address>
         <size>0x39</size>
         <input_file_ref idref="fl-dc"/>
      </object_component>
      <object_component id="oc-332">
         <name>.debug_info</name>
         <load_address>0x1c995</load_address>
         <run_address>0x1c995</run_address>
         <size>0xcd</size>
         <input_file_ref idref="fl-dc"/>
      </object_component>
      <object_component id="oc-147">
         <name>.debug_info</name>
         <load_address>0x1ca62</load_address>
         <run_address>0x1ca62</run_address>
         <size>0x153</size>
         <input_file_ref idref="fl-dd"/>
      </object_component>
      <object_component id="oc-23f">
         <name>.debug_info</name>
         <load_address>0x1cbb5</load_address>
         <run_address>0x1cbb5</run_address>
         <size>0x122</size>
         <input_file_ref idref="fl-df"/>
      </object_component>
      <object_component id="oc-377">
         <name>.debug_info</name>
         <load_address>0x1ccd7</load_address>
         <run_address>0x1ccd7</run_address>
         <size>0xb3</size>
      </object_component>
      <object_component id="oc-1b5">
         <name>.debug_line</name>
         <load_address>0x0</load_address>
         <run_address>0x0</run_address>
         <size>0x40a</size>
         <input_file_ref idref="fl-2"/>
      </object_component>
      <object_component id="oc-212">
         <name>.debug_line</name>
         <load_address>0x40a</load_address>
         <run_address>0x40a</run_address>
         <size>0x2d</size>
         <input_file_ref idref="fl-2"/>
      </object_component>
      <object_component id="oc-214">
         <name>.debug_line</name>
         <load_address>0x437</load_address>
         <run_address>0x437</run_address>
         <size>0x2d</size>
         <input_file_ref idref="fl-2"/>
      </object_component>
      <object_component id="oc-2b9">
         <name>.debug_line</name>
         <load_address>0x464</load_address>
         <run_address>0x464</run_address>
         <size>0x2d</size>
         <input_file_ref idref="fl-2"/>
      </object_component>
      <object_component id="oc-2bb">
         <name>.debug_line</name>
         <load_address>0x491</load_address>
         <run_address>0x491</run_address>
         <size>0x2d</size>
         <input_file_ref idref="fl-2"/>
      </object_component>
      <object_component id="oc-1d4">
         <name>.debug_line</name>
         <load_address>0x4be</load_address>
         <run_address>0x4be</run_address>
         <size>0x2d</size>
         <input_file_ref idref="fl-2"/>
      </object_component>
      <object_component id="oc-1da">
         <name>.debug_line</name>
         <load_address>0x4eb</load_address>
         <run_address>0x4eb</run_address>
         <size>0x2d</size>
         <input_file_ref idref="fl-2"/>
      </object_component>
      <object_component id="oc-3c">
         <name>.debug_line</name>
         <load_address>0x518</load_address>
         <run_address>0x518</run_address>
         <size>0x3d0</size>
         <input_file_ref idref="fl-2"/>
      </object_component>
      <object_component id="oc-11a">
         <name>.debug_line</name>
         <load_address>0x8e8</load_address>
         <run_address>0x8e8</run_address>
         <size>0x2d</size>
         <input_file_ref idref="fl-2"/>
      </object_component>
      <object_component id="oc-190">
         <name>.debug_line</name>
         <load_address>0x915</load_address>
         <run_address>0x915</run_address>
         <size>0x81</size>
         <input_file_ref idref="fl-2"/>
      </object_component>
      <object_component id="oc-20f">
         <name>.debug_line</name>
         <load_address>0x996</load_address>
         <run_address>0x996</run_address>
         <size>0x73</size>
         <input_file_ref idref="fl-2"/>
      </object_component>
      <object_component id="oc-1b9">
         <name>.debug_line</name>
         <load_address>0xa09</load_address>
         <run_address>0xa09</run_address>
         <size>0x71</size>
         <input_file_ref idref="fl-2"/>
      </object_component>
      <object_component id="oc-1be">
         <name>.debug_line</name>
         <load_address>0xa7a</load_address>
         <run_address>0xa7a</run_address>
         <size>0x78</size>
         <input_file_ref idref="fl-2"/>
      </object_component>
      <object_component id="oc-1c3">
         <name>.debug_line</name>
         <load_address>0xaf2</load_address>
         <run_address>0xaf2</run_address>
         <size>0x80</size>
         <input_file_ref idref="fl-2"/>
      </object_component>
      <object_component id="oc-126">
         <name>.debug_line</name>
         <load_address>0xb72</load_address>
         <run_address>0xb72</run_address>
         <size>0x6f</size>
         <input_file_ref idref="fl-2"/>
      </object_component>
      <object_component id="oc-19a">
         <name>.debug_line</name>
         <load_address>0xbe1</load_address>
         <run_address>0xbe1</run_address>
         <size>0x85</size>
         <input_file_ref idref="fl-2"/>
      </object_component>
      <object_component id="oc-11f">
         <name>.debug_line</name>
         <load_address>0xc66</load_address>
         <run_address>0xc66</run_address>
         <size>0x89</size>
         <input_file_ref idref="fl-2"/>
      </object_component>
      <object_component id="oc-110">
         <name>.debug_line</name>
         <load_address>0xcef</load_address>
         <run_address>0xcef</run_address>
         <size>0x82</size>
         <input_file_ref idref="fl-2"/>
      </object_component>
      <object_component id="oc-4a">
         <name>.debug_line</name>
         <load_address>0xd71</load_address>
         <run_address>0xd71</run_address>
         <size>0x20</size>
         <input_file_ref idref="fl-2"/>
      </object_component>
      <object_component id="oc-94">
         <name>.debug_line</name>
         <load_address>0xd91</load_address>
         <run_address>0xd91</run_address>
         <size>0x85</size>
         <input_file_ref idref="fl-2"/>
      </object_component>
      <object_component id="oc-1c8">
         <name>.debug_line</name>
         <load_address>0xe16</load_address>
         <run_address>0xe16</run_address>
         <size>0x83</size>
         <input_file_ref idref="fl-2"/>
      </object_component>
      <object_component id="oc-19f">
         <name>.debug_line</name>
         <load_address>0xe99</load_address>
         <run_address>0xe99</run_address>
         <size>0x73</size>
         <input_file_ref idref="fl-2"/>
      </object_component>
      <object_component id="oc-9e">
         <name>.debug_line</name>
         <load_address>0xf0c</load_address>
         <run_address>0xf0c</run_address>
         <size>0x70</size>
         <input_file_ref idref="fl-2"/>
      </object_component>
      <object_component id="oc-115">
         <name>.debug_line</name>
         <load_address>0xf7c</load_address>
         <run_address>0xf7c</run_address>
         <size>0x75</size>
         <input_file_ref idref="fl-2"/>
      </object_component>
      <object_component id="oc-18b">
         <name>.debug_line</name>
         <load_address>0xff1</load_address>
         <run_address>0xff1</run_address>
         <size>0x6b</size>
         <input_file_ref idref="fl-2"/>
      </object_component>
      <object_component id="oc-99">
         <name>.debug_line</name>
         <load_address>0x105c</load_address>
         <run_address>0x105c</run_address>
         <size>0x94</size>
         <input_file_ref idref="fl-2"/>
      </object_component>
      <object_component id="oc-1cd">
         <name>.debug_line</name>
         <load_address>0x10f0</load_address>
         <run_address>0x10f0</run_address>
         <size>0x74</size>
         <input_file_ref idref="fl-2"/>
      </object_component>
      <object_component id="oc-195">
         <name>.debug_line</name>
         <load_address>0x1164</load_address>
         <run_address>0x1164</run_address>
         <size>0x81</size>
         <input_file_ref idref="fl-2"/>
      </object_component>
      <object_component id="oc-122">
         <name>.debug_line</name>
         <load_address>0x11e5</load_address>
         <run_address>0x11e5</run_address>
         <size>0x41</size>
         <input_file_ref idref="fl-3"/>
      </object_component>
      <object_component id="oc-3f">
         <name>.debug_line</name>
         <load_address>0x1226</load_address>
         <run_address>0x1226</run_address>
         <size>0x41</size>
         <input_file_ref idref="fl-3"/>
      </object_component>
      <object_component id="oc-2c">
         <name>.debug_line</name>
         <load_address>0x1267</load_address>
         <run_address>0x1267</run_address>
         <size>0xa1</size>
         <input_file_ref idref="fl-3"/>
      </object_component>
      <object_component id="oc-2a8">
         <name>.debug_line</name>
         <load_address>0x1308</load_address>
         <run_address>0x1308</run_address>
         <size>0x1bb</size>
         <input_file_ref idref="fl-4"/>
      </object_component>
      <object_component id="oc-a4">
         <name>.debug_line</name>
         <load_address>0x14c3</load_address>
         <run_address>0x14c3</run_address>
         <size>0x2f0</size>
         <input_file_ref idref="fl-4"/>
      </object_component>
      <object_component id="oc-1b2">
         <name>.debug_line</name>
         <load_address>0x17b3</load_address>
         <run_address>0x17b3</run_address>
         <size>0x6b</size>
         <input_file_ref idref="fl-4"/>
      </object_component>
      <object_component id="oc-285">
         <name>.debug_line</name>
         <load_address>0x181e</load_address>
         <run_address>0x181e</run_address>
         <size>0x85</size>
         <input_file_ref idref="fl-4"/>
      </object_component>
      <object_component id="oc-2ac">
         <name>.debug_line</name>
         <load_address>0x18a3</load_address>
         <run_address>0x18a3</run_address>
         <size>0x45</size>
         <input_file_ref idref="fl-4"/>
      </object_component>
      <object_component id="oc-1a5">
         <name>.debug_line</name>
         <load_address>0x18e8</load_address>
         <run_address>0x18e8</run_address>
         <size>0x89</size>
         <input_file_ref idref="fl-4"/>
      </object_component>
      <object_component id="oc-313">
         <name>.debug_line</name>
         <load_address>0x1971</load_address>
         <run_address>0x1971</run_address>
         <size>0x20</size>
         <input_file_ref idref="fl-5"/>
      </object_component>
      <object_component id="oc-16a">
         <name>.debug_line</name>
         <load_address>0x1991</load_address>
         <run_address>0x1991</run_address>
         <size>0xf0</size>
         <input_file_ref idref="fl-5"/>
      </object_component>
      <object_component id="oc-2af">
         <name>.debug_line</name>
         <load_address>0x1a81</load_address>
         <run_address>0x1a81</run_address>
         <size>0x1bb</size>
         <input_file_ref idref="fl-6"/>
      </object_component>
      <object_component id="oc-aa">
         <name>.debug_line</name>
         <load_address>0x1c3c</load_address>
         <run_address>0x1c3c</run_address>
         <size>0x8cb</size>
         <input_file_ref idref="fl-6"/>
      </object_component>
      <object_component id="oc-2b3">
         <name>.debug_line</name>
         <load_address>0x2507</load_address>
         <run_address>0x2507</run_address>
         <size>0x3e</size>
         <input_file_ref idref="fl-6"/>
      </object_component>
      <object_component id="oc-1ac">
         <name>.debug_line</name>
         <load_address>0x2545</load_address>
         <run_address>0x2545</run_address>
         <size>0x82</size>
         <input_file_ref idref="fl-6"/>
      </object_component>
      <object_component id="oc-27c">
         <name>.debug_line</name>
         <load_address>0x25c7</load_address>
         <run_address>0x25c7</run_address>
         <size>0x208</size>
         <input_file_ref idref="fl-7"/>
      </object_component>
      <object_component id="oc-156">
         <name>.debug_line</name>
         <load_address>0x27cf</load_address>
         <run_address>0x27cf</run_address>
         <size>0x3e</size>
         <input_file_ref idref="fl-7"/>
      </object_component>
      <object_component id="oc-298">
         <name>.debug_line</name>
         <load_address>0x280d</load_address>
         <run_address>0x280d</run_address>
         <size>0x3e</size>
         <input_file_ref idref="fl-7"/>
      </object_component>
      <object_component id="oc-2a4">
         <name>.debug_line</name>
         <load_address>0x284b</load_address>
         <run_address>0x284b</run_address>
         <size>0x3e</size>
         <input_file_ref idref="fl-7"/>
      </object_component>
      <object_component id="oc-2a6">
         <name>.debug_line</name>
         <load_address>0x2889</load_address>
         <run_address>0x2889</run_address>
         <size>0x3e</size>
         <input_file_ref idref="fl-7"/>
      </object_component>
      <object_component id="oc-2a2">
         <name>.debug_line</name>
         <load_address>0x28c7</load_address>
         <run_address>0x28c7</run_address>
         <size>0x3e</size>
         <input_file_ref idref="fl-7"/>
      </object_component>
      <object_component id="oc-29e">
         <name>.debug_line</name>
         <load_address>0x2905</load_address>
         <run_address>0x2905</run_address>
         <size>0x3e</size>
         <input_file_ref idref="fl-7"/>
      </object_component>
      <object_component id="oc-29a">
         <name>.debug_line</name>
         <load_address>0x2943</load_address>
         <run_address>0x2943</run_address>
         <size>0x3e</size>
         <input_file_ref idref="fl-7"/>
      </object_component>
      <object_component id="oc-29c">
         <name>.debug_line</name>
         <load_address>0x2981</load_address>
         <run_address>0x2981</run_address>
         <size>0x3e</size>
         <input_file_ref idref="fl-7"/>
      </object_component>
      <object_component id="oc-2a0">
         <name>.debug_line</name>
         <load_address>0x29bf</load_address>
         <run_address>0x29bf</run_address>
         <size>0x3e</size>
         <input_file_ref idref="fl-7"/>
      </object_component>
      <object_component id="oc-89">
         <name>.debug_line</name>
         <load_address>0x29fd</load_address>
         <run_address>0x29fd</run_address>
         <size>0xb8f</size>
         <input_file_ref idref="fl-7"/>
      </object_component>
      <object_component id="oc-15b">
         <name>.debug_line</name>
         <load_address>0x358c</load_address>
         <run_address>0x358c</run_address>
         <size>0x81</size>
         <input_file_ref idref="fl-7"/>
      </object_component>
      <object_component id="oc-280">
         <name>.debug_line</name>
         <load_address>0x360d</load_address>
         <run_address>0x360d</run_address>
         <size>0x3e</size>
         <input_file_ref idref="fl-7"/>
      </object_component>
      <object_component id="oc-2e2">
         <name>.debug_line</name>
[...]
         <value>0x849</value>
         <object_component_ref idref="oc-85"/>
      </symbol>
      <symbol id="sm-61b">
         <name>uxTopUsedPriority</name>
         <value>0x68ec</value>
         <object_component_ref idref="oc-177"/>
      </symbol>
      <symbol id="sm-61c">
         <name>vTaskPlaceOnEventListRestricted</name>
         <value>0x1093</value>
         <object_component_ref idref="oc-85"/>
      </symbol>
      <symbol id="sm-61d">
         <name>vTaskSetTimeOutState</name>
         <value>0x13bf</value>
         <object_component_ref idref="oc-85"/>
      </symbol>
      <symbol id="sm-61e">
         <name>xTaskIncrementTick</name>
         <value>0xd5d</value>
         <object_component_ref idref="oc-85"/>
      </symbol>
      <symbol id="sm-61f">
         <name>vTaskSwitchContext</name>
         <value>0xf33</value>
         <object_component_ref idref="oc-85"/>
      </symbol>
      <symbol id="sm-620">
         <name>uxTaskResetEventItemValue</name>
         <value>0x19af</value>
         <object_component_ref idref="oc-85"/>
      </symbol>
      <symbol id="sm-621">
         <name>xTaskGetSchedulerState</name>
         <value>0x15e1</value>
         <object_component_ref idref="oc-85"/>
      </symbol>
      <symbol id="sm-622">
         <name>xTaskResumeFromISR</name>
         <value>0x921</value>
         <object_component_ref idref="oc-85"/>
      </symbol>
      <symbol id="sm-623">
         <name>xTaskGetCurrentTaskHandle</name>
         <value>0x15d1</value>
         <object_component_ref idref="oc-85"/>
      </symbol>
      <symbol id="sm-624">
         <name>vTaskPlaceOnUnorderedEventList</name>
         <value>0x1001</value>
         <object_component_ref idref="oc-85"/>
      </symbol>
      <symbol id="sm-625">
         <name>xTaskRemoveFromEventList</name>
         <value>0x1121</value>
         <object_component_ref idref="oc-85"/>
      </symbol>
      <symbol id="sm-626">
         <name>xTaskPriorityInherit</name>
         <value>0x1611</value>
         <object_component_ref idref="oc-85"/>
      </symbol>
      <symbol id="sm-6ed">
         <name>xTimerGetTimerDaemonTaskHandle</name>
         <value>0x4459</value>
         <object_component_ref idref="oc-106"/>
      </symbol>
      <symbol id="sm-6ee">
         <name>pcTimerGetName</name>
         <value>0x4561</value>
         <object_component_ref idref="oc-106"/>
      </symbol>
      <symbol id="sm-6ef">
         <name>xTimerCreateTimerTask</name>
         <value>0x42fd</value>
         <object_component_ref idref="oc-106"/>
      </symbol>
      <symbol id="sm-6f0">
         <name>xTimerGetExpiryTime</name>
         <value>0x4533</value>
         <object_component_ref idref="oc-106"/>
      </symbol>
      <symbol id="sm-6f1">
         <name>xTimerIsTimerActive</name>
         <value>0x4989</value>
         <object_component_ref idref="oc-106"/>
      </symbol>
      <symbol id="sm-6f2">
         <name>xTimerGetPeriod</name>
         <value>0x447b</value>
         <object_component_ref idref="oc-106"/>
      </symbol>
      <symbol id="sm-6f3">
         <name>xTimerGetReloadMode</name>
         <value>0x44eb</value>
         <object_component_ref idref="oc-106"/>
      </symbol>
      <symbol id="sm-6f4">
         <name>xTimerCreate</name>
         <value>0x433b</value>
         <object_component_ref idref="oc-106"/>
      </symbol>
      <symbol id="sm-6f5">
         <name>vTimerSetReloadMode</name>
         <value>0x44a1</value>
         <object_component_ref idref="oc-106"/>
      </symbol>
      <symbol id="sm-6f6">
         <name>xTimerGenericCommand</name>
         <value>0x43d9</value>
         <object_component_ref idref="oc-106"/>
      </symbol>
      <symbol id="sm-6f7">
         <name>uxTimerGetReloadMode</name>
         <value>0x4527</value>
         <object_component_ref idref="oc-106"/>
      </symbol>
      <symbol id="sm-6f8">
         <name>pvTimerGetTimerID</name>
         <value>0x49c5</value>
         <object_component_ref idref="oc-106"/>
      </symbol>
      <symbol id="sm-6f9">
         <name>xTimerPendFunctionCallFromISR</name>
         <value>0x4a21</value>
         <object_component_ref idref="oc-106"/>
      </symbol>
      <symbol id="sm-6fa">
         <name>xTimerPendFunctionCall</name>
         <value>0x4a57</value>
         <object_component_ref idref="oc-106"/>
      </symbol>
      <symbol id="sm-6fb">
         <name>vTimerSetTimerID</name>
         <value>0x49f3</value>
         <object_component_ref idref="oc-106"/>
      </symbol>
      <symbol id="sm-74c">
         <name>ulMaxSyscallInterruptPriority</name>
         <value>0x68e4</value>
         <object_component_ref idref="oc-82"/>
      </symbol>
      <symbol id="sm-74d">
         <name>vPortSetupTimerInterrupt</name>
         <value>0x5821</value>
         <object_component_ref idref="oc-32"/>
      </symbol>
      <symbol id="sm-74e">
         <name>vPortEndScheduler</name>
         <value>0x5769</value>
         <object_component_ref idref="oc-32"/>
      </symbol>
      <symbol id="sm-74f">
         <name>xPortSysTickHandler</name>
         <value>0x57fb</value>
         <object_component_ref idref="oc-32"/>
      </symbol>
      <symbol id="sm-750">
         <name>vPortValidateInterruptPriority</name>
         <value>0x583b</value>
         <object_component_ref idref="oc-32"/>
      </symbol>
      <symbol id="sm-751">
         <name>pxPortInitialiseStack</name>
         <value>0x5625</value>
         <object_component_ref idref="oc-32"/>
      </symbol>
      <symbol id="sm-752">
         <name>vPortExitCritical</name>
         <value>0x57cf</value>
         <object_component_ref idref="oc-32"/>
      </symbol>
      <symbol id="sm-753">
         <name>xPortStartScheduler</name>
         <value>0x56b1</value>
         <object_component_ref idref="oc-32"/>
      </symbol>
      <symbol id="sm-754">
         <name>vPortEnterCritical</name>
         <value>0x578d</value>
         <object_component_ref idref="oc-32"/>
      </symbol>
      <symbol id="sm-763">
         <name>vPortStartFirstTask</name>
         <value>0x6355</value>
         <object_component_ref idref="oc-2d"/>
      </symbol>
      <symbol id="sm-764">
         <name>ulPortGetIPSR</name>
         <value>0x62bd</value>
         <object_component_ref idref="oc-2d"/>
      </symbol>
      <symbol id="sm-765">
         <name>vPortEnableVFP</name>
         <value>0x6379</value>
         <object_component_ref idref="oc-2d"/>
      </symbol>
      <symbol id="sm-766">
         <name>xPortPendSVHandler</name>
         <value>0x62d5</value>
         <object_component_ref idref="oc-2d"/>
      </symbol>
      <symbol id="sm-767">
         <name>vPortSVCHandler</name>
         <value>0x6335</value>
         <object_component_ref idref="oc-2d"/>
      </symbol>
      <symbol id="sm-7bf">
         <name>vPortInitialiseBlocks</name>
         <value>0x5ac3</value>
         <object_component_ref idref="oc-15f"/>
      </symbol>
      <symbol id="sm-7c0">
         <name>xPortGetFreeHeapSize</name>
         <value>0x5abd</value>
         <object_component_ref idref="oc-15f"/>
      </symbol>
      <symbol id="sm-7c1">
         <name>pvPortCalloc</name>
         <value>0x5ac5</value>
         <object_component_ref idref="oc-15f"/>
      </symbol>
      <symbol id="sm-7c2">
         <name>pvPortMalloc</name>
         <value>0x58d9</value>
         <object_component_ref idref="oc-15f"/>
      </symbol>
      <symbol id="sm-7c3">
         <name>vPortFree</name>
         <value>0x59ff</value>
         <object_component_ref idref="oc-15f"/>
      </symbol>
      <symbol id="sm-7de">
         <name>rgb_greenLedToggle</name>
         <value>0x6057</value>
         <object_component_ref idref="oc-e2"/>
      </symbol>
      <symbol id="sm-7df">
         <name>rgb_blueLedOFF</name>
         <value>0x6031</value>
         <object_component_ref idref="oc-e2"/>
      </symbol>
      <symbol id="sm-7e0">
         <name>rgb_greenLedOFF</name>
         <value>0x601d</value>
         <object_component_ref idref="oc-e2"/>
      </symbol>
      <symbol id="sm-7e1">
         <name>rgb_greenLedON</name>
         <value>0x5fe1</value>
         <object_component_ref idref="oc-e2"/>
      </symbol>
      <symbol id="sm-7e2">
         <name>rgb_blueLedON</name>
         <value>0x5ff5</value>
         <object_component_ref idref="oc-e2"/>
      </symbol>
      <symbol id="sm-7e3">
         <name>rgb_redLedToggle</name>
         <value>0x6045</value>
         <object_component_ref idref="oc-e2"/>
      </symbol>
      <symbol id="sm-7e4">
         <name>rgb_redLedON</name>
         <value>0x5fcd</value>
         <object_component_ref idref="oc-e2"/>
      </symbol>
      <symbol id="sm-7e5">
         <name>rgb_allLedsOff</name>
         <value>0x607b</value>
         <object_component_ref idref="oc-e2"/>
      </symbol>
      <symbol id="sm-7e6">
         <name>rgb_redLedOFF</name>
         <value>0x6009</value>
         <object_component_ref idref="oc-e2"/>
      </symbol>
      <symbol id="sm-7e7">
         <name>rgb_blueLedToggle</name>
         <value>0x6069</value>
         <object_component_ref idref="oc-e2"/>
      </symbol>
      <symbol id="sm-7e8">
         <name>rgb_init</name>
         <value>0x5f8d</value>
         <object_component_ref idref="oc-e2"/>
      </symbol>
      <symbol id="sm-7fa">
         <name>tempSensor_readTemp</name>
         <value>0x64b9</value>
         <object_component_ref idref="oc-ce"/>
      </symbol>
      <symbol id="sm-81f">
         <name>ADC0_init</name>
         <value>0x60b5</value>
         <object_component_ref idref="oc-f4"/>
      </symbol>
      <symbol id="sm-820">
         <name>ADC0_readValue</name>
         <value>0x6135</value>
         <object_component_ref idref="oc-f4"/>
      </symbol>
      <symbol id="sm-821">
         <name>ADC0_startConversion</name>
         <value>0x6129</value>
         <object_component_ref idref="oc-f4"/>
      </symbol>
      <symbol id="sm-822">
         <name>ADC0_changeChannel</name>
         <value>0x6155</value>
         <object_component_ref idref="oc-f4"/>
      </symbol>
      <symbol id="sm-823">
         <name>ADC0_busy</name>
         <value>0x6113</value>
         <object_component_ref idref="oc-f4"/>
      </symbol>
      <symbol id="sm-824">
         <name>ADC_channels</name>
         <value>0x68c0</value>
         <object_component_ref idref="oc-2b5"/>
      </symbol>
      <symbol id="sm-89b">
         <name>GPIO_setupPinDirectionAndMode</name>
         <value>0x4c91</value>
         <object_component_ref idref="oc-fa"/>
      </symbol>
      <symbol id="sm-89c">
         <name>GPIO_SW1GetState</name>
         <value>0x4b99</value>
         <object_component_ref idref="oc-fa"/>
      </symbol>
      <symbol id="sm-89d">
         <name>GPIO_GreenLedOn</name>
         <value>0x4b45</value>
         <object_component_ref idref="oc-fa"/>
      </symbol>
      <symbol id="sm-89e">
         <name>GPIO_BlueLedToggle</name>
         <value>0x4b81</value>
         <object_component_ref idref="oc-fa"/>
      </symbol>
      <symbol id="sm-89f">
         <name>GPIO_readPin</name>
         <value>0x5005</value>
         <object_component_ref idref="oc-fa"/>
      </symbol>
      <symbol id="sm-8a0">
         <name>GPIO_SW2GetState</name>
         <value>0x4ba3</value>
         <object_component_ref idref="oc-fa"/>
      </symbol>
      <symbol id="sm-8a1">
         <name>GPIO_SW2EdgeTriggeredInterruptInit</name>
         <value>0x4bfb</value>
         <object_component_ref idref="oc-fa"/>
      </symbol>
      <symbol id="sm-8a2">
         <name>GPIO_BuiltinButtonsLedsInit</name>
         <value>0x4ab9</value>
         <object_component_ref idref="oc-fa"/>
      </symbol>
      <symbol id="sm-8a3">
         <name>GPIO_togglePin</name>
         <value>0x50a1</value>
         <object_component_ref idref="oc-fa"/>
      </symbol>
      <symbol id="sm-8a4">
         <name>GPIO_RedLedToggle</name>
         <value>0x4b75</value>
         <object_component_ref idref="oc-fa"/>
      </symbol>
      <symbol id="sm-8a5">
         <name>GPIO_writePin</name>
         <value>0x4f7d</value>
         <object_component_ref idref="oc-fa"/>
      </symbol>
      <symbol id="sm-8a6">
         <name>GPIO_BlueLedOff</name>
         <value>0x4b5d</value>
         <object_component_ref idref="oc-fa"/>
      </symbol>
      <symbol id="sm-8a7">
         <name>GPIO_SW1EdgeTriggeredInterruptInit</name>
         <value>0x4bad</value>
         <object_component_ref idref="oc-fa"/>
      </symbol>
      <symbol id="sm-8a8">
         <name>GPIO_GreenLedOff</name>
         <value>0x4b69</value>
         <object_component_ref idref="oc-fa"/>
      </symbol>
      <symbol id="sm-8a9">
         <name>GPIO_GreenLedToggle</name>
         <value>0x4b8d</value>
         <object_component_ref idref="oc-fa"/>
      </symbol>
      <symbol id="sm-8aa">
         <name>GPIO_RedLedOff</name>
         <value>0x4b51</value>
         <object_component_ref idref="oc-fa"/>
      </symbol>
      <symbol id="sm-8ab">
         <name>GPIO_BlueLedOn</name>
         <value>0x4b39</value>
         <object_component_ref idref="oc-fa"/>
      </symbol>
      <symbol id="sm-8ac">
         <name>GPIO_RedLedOn</name>
         <value>0x4b2d</value>
         <object_component_ref idref="oc-fa"/>
      </symbol>
      <symbol id="sm-8be">
         <name>GPTM_WTimer0Init</name>
         <value>0x66f9</value>
         <object_component_ref idref="oc-d6"/>
      </symbol>
      <symbol id="sm-8bf">
         <name>GPTM_WTimer0Read</name>
         <value>0x6729</value>
         <object_component_ref idref="oc-d6"/>
      </symbol>
      <symbol id="sm-8ed">
         <name>UART0_SendInteger</name>
         <value>0x5c4d</value>
         <object_component_ref idref="oc-e9"/>
      </symbol>
      <symbol id="sm-8ee">
         <name>UART0_ReceiveByte</name>
         <value>0x5c17</value>
         <object_component_ref idref="oc-e9"/>
      </symbol>
      <symbol id="sm-8ef">
         <name>UART0_SendByte</name>
         <value>0x5bfb</value>
         <object_component_ref idref="oc-e9"/>
      </symbol>
      <symbol id="sm-8f0">
         <name>UART0_Init</name>
         <value>0x5bbb</value>
         <object_component_ref idref="oc-e9"/>
      </symbol>
      <symbol id="sm-8f1">
         <name>UART0_SendString</name>
         <value>0x5c27</value>
         <object_component_ref idref="oc-e9"/>
      </symbol>
      <symbol id="sm-905">
         <name>__aeabi_ddiv</name>
         <value>0x5d2d</value>
         <object_component_ref idref="oc-1e5"/>
      </symbol>
      <symbol id="sm-910">
         <name>__aeabi_dmul</name>
         <value>0x61b1</value>
         <object_component_ref idref="oc-1e0"/>
      </symbol>
      <symbol id="sm-91a">
         <name>__aeabi_d2iz</name>
         <value>0x674d</value>
         <object_component_ref idref="oc-1f4"/>
      </symbol>
      <symbol id="sm-926">
         <name>__aeabi_d2f</name>
         <value>0x65b3</value>
         <object_component_ref idref="oc-1ea"/>
      </symbol>
      <symbol id="sm-931">
         <name>__aeabi_f2d</name>
         <value>0x67d9</value>
         <object_component_ref idref="oc-1ef"/>
      </symbol>
      <symbol id="sm-93a">
         <name>__aeabi_lmul</name>
         <value>0x6865</value>
         <object_component_ref idref="oc-ef"/>
      </symbol>
      <symbol id="sm-955">
         <name>memcpy</name>
         <value>0x6387</value>
         <object_component_ref idref="oc-4c"/>
      </symbol>
      <symbol id="sm-956">
         <name>__aeabi_memcpy</name>
         <value>0x6387</value>
         <object_component_ref idref="oc-4c"/>
      </symbol>
      <symbol id="sm-957">
         <name>__aeabi_memcpy8</name>
         <value>0x6387</value>
         <object_component_ref idref="oc-4c"/>
      </symbol>
      <symbol id="sm-958">
         <name>__aeabi_memcpy4</name>
         <value>0x6387</value>
         <object_component_ref idref="oc-4c"/>
      </symbol>
      <symbol id="sm-962">
         <name>__aeabi_ui2d</name>
         <value>0x6845</value>
         <object_component_ref idref="oc-1db"/>
      </symbol>
      <symbol id="sm-971">
         <name>__aeabi_memset</name>
         <value>0x653b</value>
         <object_component_ref idref="oc-13d"/>
      </symbol>
      <symbol id="sm-972">
         <name>memset</name>
         <value>0x6541</value>
         <object_component_ref idref="oc-13d"/>
      </symbol>
      <symbol id="sm-973">
         <name>__aeabi_memset8</name>
         <value>0x653b</value>
         <object_component_ref idref="oc-13d"/>
      </symbol>
      <symbol id="sm-974">
         <name>__aeabi_memset4</name>
         <value>0x653b</value>
         <object_component_ref idref="oc-13d"/>
      </symbol>
      <symbol id="sm-975">
         <name>__aeabi_memclr8</name>
         <value>0x6539</value>
         <object_component_ref idref="oc-13d"/>
      </symbol>
      <symbol id="sm-976">
         <name>__aeabi_memclr4</name>
         <value>0x6539</value>
         <object_component_ref idref="oc-13d"/>
      </symbol>
      <symbol id="sm-977">
         <name>__aeabi_memclr</name>
         <value>0x6539</value>
         <object_component_ref idref="oc-13d"/>
      </symbol>
      <symbol id="sm-985">
         <name>__aeabi_ldivmod</name>
         <value>0x6621</value>
         <object_component_ref idref="oc-200"/>
      </symbol>
      <symbol id="sm-992">
         <name>__aeabi_uldivmod</name>
         <value>0x6423</value>
         <object_component_ref idref="oc-2cd"/>
      </symbol>
      <symbol id="sm-9a9">
         <name>__TI_zero_init</name>
         <value>0x689f</value>
         <object_component_ref idref="oc-5e"/>
      </symbol>
      <symbol id="sm-9c0">
         <name>__TI_decompress_none</name>
         <value>0x6891</value>
         <object_component_ref idref="oc-1b"/>
      </symbol>
      <symbol id="sm-9e3">
         <name>__TI_decompress_lzss</name>
         <value>0x668f</value>
         <object_component_ref idref="oc-15"/>
      </symbol>
      <symbol id="sm-9f1">
         <name>strcpy</name>
         <value>0x687d</value>
         <object_component_ref idref="oc-dc"/>
      </symbol>
      <symbol id="sm-a04">
         <name>__stack</name>
         <value>0x20003000</value>
         <object_component_ref idref="oc-24"/>
      </symbol>
      <symbol id="sm-a05">
         <name>_c_int00_noargs</name>
         <value>0x6811</value>
         <object_component_ref idref="oc-6a"/>
      </symbol>
      <symbol id="sm-a0f">
         <name>__aeabi_idiv0</name>
         <value>0x5623</value>
         <object_component_ref idref="oc-2c8"/>
      </symbol>
      <symbol id="sm-a10">
         <name>__aeabi_ldiv0</name>
         <value>0x5623</value>
         <object_component_ref idref="oc-2c8"/>
      </symbol>
      <symbol id="sm-a38">
         <name>__TI_auto_init_nobinit_nopinit</name>
         <value>0x6795</value>
         <object_component_ref idref="oc-249"/>
      </symbol>
      <symbol id="sm-a42">
         <name>_system_pre_init</name>
         <value>0x68b7</value>
         <object_component_ref idref="oc-143"/>
      </symbol>
      <symbol id="sm-a4e">
         <name>C$$EXIT</name>
         <value>0x68bb</value>
         <object_component_ref idref="oc-23d"/>
      </symbol>
      <symbol id="sm-a4f">
         <name>abort</name>
         <value>0x68bb</value>
         <object_component_ref idref="oc-23d"/>
      </symbol>
      <symbol id="sm-a52">
         <name>__TI_static_base__</name>
         <value>0x0</value>
      </symbol>
      <symbol id="sm-a55">
         <name>__mpu_init</name>
         <value>0x0</value>
      </symbol>
      <symbol id="sm-a56">
         <name>_system_post_cinit</name>
         <value>0x0</value>
      </symbol>
   </symbol_table>
   <title>Link successful</title>
</link_info>
