******************************************************************************
                  TI ARM Linker PC v20.2.7                     
******************************************************************************
>> Linked Fri Aug 23 19:19:49 2024

OUTPUT FILE NAME:   <Car_Seat_Heater.out>
ENTRY POINT SYMBOL: "_c_int00_noargs"  address: 00006811


MEMORY CONFIGURATION

         name            origin    length      used     unused   attr    fill
----------------------  --------  ---------  --------  --------  ----  --------
  FLASH                 00000000   00040000  00006986  0003967a  R  X
  SRAM                  20000000   00008000  000032b8  00004d48  RW X


SEGMENT ALLOCATION MAP

run origin  load origin   length   init length attrs members
----------  ----------- ---------- ----------- ----- -------
00000000    00000000    00006988   00006988    r-x
  00000000    00000000    0000026c   0000026c    r-- .intvecs
  0000026c    0000026c    00006652   00006652    r-x .text
  000068c0    000068c0    00000030   00000030    r-- .const
  000068f0    000068f0    00000098   00000098    r-- .cinit
20000000    20000000    000032bc   00000000    rw-
  20000000    20000000    00002ffc   00000000    rw- .bss
  20003000    20003000    00000200   00000000    rw- .stack
  20003200    20003200    000000bc   00000000    rw- .data


SECTION ALLOCATION MAP

 output                                  attributes/
section   page    origin      length       input sections
--------  ----  ----------  ----------   ----------------
.intvecs   0    00000000    0000026c     
                  00000000    0000026c     tm4c123gh6pm_startup_ccs.obj (.intvecs)

.text      0    0000026c    00006652     
                  0000026c    000020bc     tasks.obj (.text)
                  00002328    0000122c     queue.obj (.text)
                  00003554    00000da8     main.obj (.text)
                  000042fc    000007bc     timers.obj (.text)
                  00004ab8    0000066c     gpio.obj (.text)
                  00005124    000004fe     event_groups.obj (.text)
                  00005622    00000002     rtsv7M4_T_le_v4SPD16_eabi.lib : div0.asm.obj (.text)
                  00005624    000002b4     port.obj (.text)
                  000058d8    0000028c     heap_2.obj (.text)
                  00005b64    000001c8     uart0.obj (.text)
                  00005d2c    00000136     rtsv7M4_T_le_v4SPD16_eabi.lib : fd_div_t2.asm.obj (.text)
                  00005e62    0000012a     list.obj (.text)
                  00005f8c    00000128     RGB_LED.obj (.text)
                  000060b4    000000fc     ADC.obj (.text)
                  000061b0    000000fc     rtsv7M4_T_le_v4SPD16_eabi.lib : fd_mul_t2.asm.obj (.text)
                  000062ac    000000da     portasm.obj (.text)
                  00006386    0000009c     rtsv7M4_T_le_v4SPD16_eabi.lib : memcpy_t2.asm.obj (.text)
                  00006422    00000096                                   : ull_div_t2.asm.obj (.text)
                  000064b8    00000080     temp_sensor.obj (.text)
                  00006538    0000007a     rtsv7M4_T_le_v4SPD16_eabi.lib : memset_t2.asm.obj (.text)
                  000065b2    0000006e                                   : fd_tos_t2.asm.obj (.text)
                  00006620    0000006e                                   : ll_div_t2.asm.obj (.text)
                  0000668e    00000068                                   : copy_decompress_lzss.c.obj (.text:decompress:lzss:__TI_decompress_lzss)
                  000066f6    00000002     --HOLE-- [fill = 0]
                  000066f8    00000054     GPTM.obj (.text)
                  0000674c    00000048     rtsv7M4_T_le_v4SPD16_eabi.lib : fd_toi_t2.asm.obj (.text)
                  00006794    00000044                                   : autoinit.c.obj (.text:__TI_auto_init_nobinit_nopinit:__TI_auto_init_nobinit_nopinit)
                  000067d8    00000038                                   : fs_tod_t2.asm.obj (.text)
                  00006810    00000034                                   : boot_cortex_m.c.obj (.text:_c_int00_noargs:_c_int00_noargs)
                  00006844    00000020                                   : u_tofd_t2.asm.obj (.text)
                  00006864    00000018                                   : ll_mul_t2.asm.obj (.text)
                  0000687c    00000014                                   : strcpy.c.obj (.text:strcpy)
                  00006890    0000000e                                   : copy_decompress_none.c.obj (.text:decompress:none:__TI_decompress_none)
                  0000689e    0000000c                                   : copy_zero_init.c.obj (.text:decompress:ZI:__TI_zero_init)
                  000068aa    0000000c     tm4c123gh6pm_startup_ccs.obj (.text)
                  000068b6    00000004     rtsv7M4_T_le_v4SPD16_eabi.lib : pre_init.c.obj (.text:_system_pre_init)
                  000068ba    00000004                                   : exit.c.obj (.text:abort:abort)

.const     0    000068c0    00000030     
                  000068c0    00000024     ADC.obj (.const:ADC_channels)
                  000068e4    00000008     port.obj (.const)
                  000068ec    00000004     tasks.obj (.const)

.cinit     0    000068f0    00000098     
                  000068f0    0000006f     (.cinit..data.load) [load image, compression = lzss]
                  0000695f    00000001     --HOLE-- [fill = 0]
                  00006960    0000000c     (__TI_handler_table)
                  0000696c    00000004     --HOLE-- [fill = 0]
                  00006970    00000008     (.cinit..bss.load) [load image, compression = zero_init]
                  00006978    00000010     (__TI_cinit_table)

.init_array 
*          0    00000000    00000000     UNINITIALIZED

.bss       0    20000000    00002ffc     UNINITIALIZED
                  20000000    00002c00     heap_2.obj (.bss:ucHeap)
                  20002c00    00000258     (.common:xErrorLogArray)
                  20002e58    00000078     tasks.obj (.bss:pxReadyTasksLists)
                  20002ed0    00000014     timers.obj (.bss:xActiveTimerList1)
                  20002ee4    00000014     timers.obj (.bss:xActiveTimerList2)
                  20002ef8    00000014     tasks.obj (.bss:xDelayedTaskList1)
                  20002f0c    00000014     tasks.obj (.bss:xDelayedTaskList2)
                  20002f20    00000014     tasks.obj (.bss:xPendingReadyList)
                  20002f34    00000014     tasks.obj (.bss:xSuspendedTaskList)
                  20002f48    00000014     tasks.obj (.bss:xTasksWaitingTermination)
                  20002f5c    00000008     tasks.obj (.bss)
                  20002f64    00000008     timers.obj (.bss)
                  20002f6c    00000008     heap_2.obj (.bss:xEnd)
                  20002f74    00000008     heap_2.obj (.bss:xStart)
                  20002f7c    00000008     (.common:xDriverStateLog)
                  20002f84    00000008     (.common:xPassengerStateLog)
                  20002f8c    00000004     (.common:set_read_to_ctrl_seat_1)
                  20002f90    00000004     (.common:set_read_to_ctrl_seat_2)
                  20002f94    00000004     (.common:xCtrlToError)
                  20002f98    00000004     (.common:xCtrlToHeatSeat1)
                  20002f9c    00000004     (.common:xCtrlToHeatSeat2)
                  20002fa0    00000004     (.common:xDriverDisplayData)
                  20002fa4    00000004     (.common:xEventGroup)
                  20002fa8    00000004     (.common:xPassengerDisplayData)
                  20002fac    00000004     (.common:xReadToCtrlSeat1)
                  20002fb0    00000004     (.common:xReadToCtrlSeat2)
                  20002fb4    00000004     (.common:xSetToCtrlSeat1)
                  20002fb8    00000004     (.common:xSetToCtrlSeat2)
                  20002fbc    00000004     (.common:xSetToStateSeat1)
                  20002fc0    00000004     (.common:xSetToStateSeat2)
                  20002fc4    00000004     (.common:xTaskHandle1)
                  20002fc8    00000004     (.common:xTaskHandle10)
                  20002fcc    00000004     (.common:xTaskHandle11)
                  20002fd0    00000004     (.common:xTaskHandle12)
                  20002fd4    00000004     (.common:xTaskHandle13)
                  20002fd8    00000004     (.common:xTaskHandle14)
                  20002fdc    00000004     (.common:xTaskHandle2)
                  20002fe0    00000004     (.common:xTaskHandle3)
                  20002fe4    00000004     (.common:xTaskHandle4)
                  20002fe8    00000004     (.common:xTaskHandle5)
                  20002fec    00000004     (.common:xTaskHandle6)
                  20002ff0    00000004     (.common:xTaskHandle7)
                  20002ff4    00000004     (.common:xTaskHandle8)
                  20002ff8    00000004     (.common:xTaskHandle9)

.data      0    20003200    000000bc     UNINITIALIZED
                  20003200    00000034     tasks.obj (.data)
                  20003234    0000002c     main.obj (.data:driverSeat)
                  20003260    0000002c     main.obj (.data:passengerSeat)
                  2000328c    0000000c     port.obj (.data)
                  20003298    0000000c     timers.obj (.data)
                  200032a4    00000008     heap_2.obj (.data)
                  200032ac    00000004     main.obj (.data:driverSeatSensor)
                  200032b0    00000004     main.obj (.data:led2)
                  200032b4    00000004     main.obj (.data:led)
                  200032b8    00000004     main.obj (.data:passengerSeatSensor)

.stack     0    20003000    00000200     UNINITIALIZED
                  20003000    00000004     rtsv7M4_T_le_v4SPD16_eabi.lib : boot_cortex_m.c.obj (.stack)
                  20003004    000001fc     --HOLE--

__llvm_prf_cnts 
*          0    20000000    00000000     UNINITIALIZED

MODULE SUMMARY

       Module                         code    ro data   rw data
       ------                         ----    -------   -------
    .\
       main.obj                       3496    0         832    
       tm4c123gh6pm_startup_ccs.obj   12      620       0      
    +--+------------------------------+-------+---------+---------+
       Total:                         3508    620       832    
                                                               
    .\FreeRTOS\Source\
       tasks.obj                      8380    4         280    
       queue.obj                      4652    0         0      
       timers.obj                     1980    0         60     
       event_groups.obj               1278    0         0      
       list.obj                       298     0         0      
    +--+------------------------------+-------+---------+---------+
       Total:                         16588   4         340    
                                                               
    .\FreeRTOS\Source\portable\CCS\ARM_CM4F\
       port.obj                       692     8         12     
       portasm.obj                    218     0         0      
    +--+------------------------------+-------+---------+---------+
       Total:                         910     8         12     
                                                               
    .\FreeRTOS\Source\portable\MemMang\
       heap_2.obj                     652     0         11288  
    +--+------------------------------+-------+---------+---------+
       Total:                         652     0         11288  
                                                               
    .\HAL\RGB Led\
       RGB_LED.obj                    296     0         0      
    +--+------------------------------+-------+---------+---------+
       Total:                         296     0         0      
                                                               
    .\HAL\Temp Sensor\
       temp_sensor.obj                128     0         0      
    +--+------------------------------+-------+---------+---------+
       Total:                         128     0         0      
                                                               
    .\MCAL\ADC\
       ADC.obj                        252     36        0      
    +--+------------------------------+-------+---------+---------+
       Total:                         252     36        0      
                                                               
    .\MCAL\GPIO\
       gpio.obj                       1644    0         0      
    +--+------------------------------+-------+---------+---------+
       Total:                         1644    0         0      
                                                               
    .\MCAL\GPTM\
       GPTM.obj                       84      0         0      
    +--+------------------------------+-------+---------+---------+
       Total:                         84      0         0      
                                                               
    .\MCAL\UART\
       uart0.obj                      456     0         0      
    +--+------------------------------+-------+---------+---------+
       Total:                         456     0         0      
                                                               
    C:\ti\ccs1260\ccs\tools\compiler\ti-cgt-arm_20.2.7.LTS\lib\rtsv7M4_T_le_v4SPD16_eabi.lib
       fd_div_t2.asm.obj              310     0         0      
       fd_mul_t2.asm.obj              252     0         0      
       memcpy_t2.asm.obj              156     0         0      
       ull_div_t2.asm.obj             150     0         0      
       memset_t2.asm.obj              122     0         0      
       fd_tos_t2.asm.obj              110     0         0      
       ll_div_t2.asm.obj              110     0         0      
       copy_decompress_lzss.c.obj     104     0         0      
       fd_toi_t2.asm.obj              72      0         0      
       autoinit.c.obj                 68      0         0      
       fs_tod_t2.asm.obj              56      0         0      
       boot_cortex_m.c.obj            52      0         0      
       u_tofd_t2.asm.obj              32      0         0      
       ll_mul_t2.asm.obj              24      0         0      
       strcpy.c.obj                   20      0         0      
       copy_decompress_none.c.obj     14      0         0      
       copy_zero_init.c.obj           12      0         0      
       exit.c.obj                     4       0         0      
       pre_init.c.obj                 4       0         0      
       div0.asm.obj                   2       0         0      
    +--+------------------------------+-------+---------+---------+
       Total:                         1674    0         0      
                                                               
       Stack:                         0       0         512    
       Linker Generated:              0       147       0      
    +--+------------------------------+-------+---------+---------+
       Grand Total:                   26192   815       12984  


LINKER GENERATED COPY TABLES

__TI_cinit_table @ 00006978 records: 2, size/record: 8, table size: 16
	.data: load addr=000068f0, load size=0000006f bytes, run addr=20003200, run size=000000bc bytes, compression=lzss
	.bss: load addr=00006970, load size=00000008 bytes, run addr=20000000, run size=00002ffc bytes, compression=zero_init


LINKER GENERATED HANDLER TABLE

__TI_handler_table @ 00006960 records: 3, size/record: 4, table size: 12
	index: 0, handler: __TI_decompress_lzss
	index: 1, handler: __TI_decompress_none
	index: 2, handler: __TI_zero_init


GLOBAL SYMBOLS: SORTED ALPHABETICALLY BY Name 

address   name                               
-------   ----                               
00006113  ADC0_busy                          
00006155  ADC0_changeChannel                 
000060b5  ADC0_init                          
00006135  ADC0_readValue                     
00006129  ADC0_startConversion               
000068c0  ADC_channels                       
000068bb  C$$EXIT                            
00003f01  Delay_MS                           
00004b5d  GPIO_BlueLedOff                    
00004b39  GPIO_BlueLedOn                     
00004b81  GPIO_BlueLedToggle                 
00004ab9  GPIO_BuiltinButtonsLedsInit        
00004b69  GPIO_GreenLedOff                   
00004b45  GPIO_GreenLedOn                    
00004b8d  GPIO_GreenLedToggle                
00004b51  GPIO_RedLedOff                     
00004b2d  GPIO_RedLedOn                      
00004b75  GPIO_RedLedToggle                  
00004bad  GPIO_SW1EdgeTriggeredInterruptInit 
00004b99  GPIO_SW1GetState                   
00004bfb  GPIO_SW2EdgeTriggeredInterruptInit 
00004ba3  GPIO_SW2GetState                   
0000427d  GPIO_portfHandler                  
00005005  GPIO_readPin                       
00004c91  GPIO_setupPinDirectionAndMode      
000050a1  GPIO_togglePin                     
00004f7d  GPIO_writePin                      
000066f9  GPTM_WTimer0Init                   
00006729  GPTM_WTimer0Read                   
0000405f  Heater_setTemp                     
00003f85  Mcu_Init                           
000068ab  ResetISR                           
00005bbb  UART0_Init                         
00005c17  UART0_ReceiveByte                  
00005bfb  UART0_SendByte                     
00005c4d  UART0_SendInteger                  
00005c27  UART0_SendString                   
20003200  __STACK_END                        
00000200  __STACK_SIZE                       
20003200  __STACK_TOP                        
00006978  __TI_CINIT_Base                    
00006988  __TI_CINIT_Limit                   
00006960  __TI_Handler_Table_Base            
0000696c  __TI_Handler_Table_Limit           
00006795  __TI_auto_init_nobinit_nopinit     
0000668f  __TI_decompress_lzss               
00006891  __TI_decompress_none               
ffffffff  __TI_pprof_out_hndl                
ffffffff  __TI_prof_data_size                
ffffffff  __TI_prof_data_start               
00000000  __TI_static_base__                 
0000689f  __TI_zero_init                     
000065b3  __aeabi_d2f                        
0000674d  __aeabi_d2iz                       
00005d2d  __aeabi_ddiv                       
000061b1  __aeabi_dmul                       
000067d9  __aeabi_f2d                        
00005623  __aeabi_idiv0                      
00005623  __aeabi_ldiv0                      
00006621  __aeabi_ldivmod                    
00006865  __aeabi_lmul                       
00006539  __aeabi_memclr                     
00006539  __aeabi_memclr4                    
00006539  __aeabi_memclr8                    
00006387  __aeabi_memcpy                     
00006387  __aeabi_memcpy4                    
00006387  __aeabi_memcpy8                    
0000653b  __aeabi_memset                     
0000653b  __aeabi_memset4                    
0000653b  __aeabi_memset8                    
00006845  __aeabi_ui2d                       
00006423  __aeabi_uldivmod                   
ffffffff  __binit__                          
ffffffff  __c_args__                         
UNDEFED   __mpu_init                         
20003000  __stack                            
20000000  __start___llvm_prf_cnts            
20000000  __stop___llvm_prf_cnts             
00006811  _c_int00_noargs                    
UNDEFED   _system_post_cinit                 
000068b7  _system_pre_init                   
000068bb  abort                              
ffffffff  binit                              
20003234  driverSeat                         
200032ac  driverSeatSensor                   
00000000  g_pfnVectors                       
000040b9  getDesiredHeatLevel                
200032b4  led                                
200032b0  led2                               
00003555  main                               
00006387  memcpy                             
00006541  memset                             
20003260  passengerSeat                      
200032b8  passengerSeatSensor                
00000ca7  pcTaskGetName                      
00004561  pcTimerGetName                     
00005ac5  pvPortCalloc                       
000058d9  pvPortMalloc                       
000019d1  pvTaskIncrementMutexHeldCount      
000049c5  pvTimerGetTimerID                  
20003200  pxCurrentTCB                       
00005625  pxPortInitialiseStack              
0000607b  rgb_allLedsOff                     
00006031  rgb_blueLedOFF                     
00005ff5  rgb_blueLedON                      
00006069  rgb_blueLedToggle                  
0000601d  rgb_greenLedOFF                    
00005fe1  rgb_greenLedON                     
00006057  rgb_greenLedToggle                 
00005f8d  rgb_init                           
00006009  rgb_redLedOFF                      
00005fcd  rgb_redLedON                       
00006045  rgb_redLedToggle                   
20002f8c  set_read_to_ctrl_seat_1            
20002f90  set_read_to_ctrl_seat_2            
0000687d  strcpy                             
000064b9  tempSensor_readTemp                
000068e4  ulMaxSyscallInterruptPriority      
000062bd  ulPortGetIPSR                      
000019e9  ulTaskGenericNotifyTake            
000021e9  ulTaskGenericNotifyValueClear      
00005f45  uxListRemove                       
00003031  uxQueueMessagesWaiting             
0000308f  uxQueueMessagesWaitingFromISR      
0000305b  uxQueueSpacesAvailable             
00000ca1  uxTaskGetNumberOfTasks             
000019af  uxTaskResetEventItemValue          
00004527  uxTimerGetReloadMode               
000068ec  uxTopUsedPriority                  
000039d5  vControlTask                       
000055dd  vEventGroupClearBitsCallback       
00005563  vEventGroupDelete                  
000055cd  vEventGroupSetBitsCallback         
00003bbd  vHeatingTask                       
00005e63  vListInitialise                    
00005e93  vListInitialiseItem                
00005edf  vListInsert                        
00005ea3  vListInsertEnd                     
00006379  vPortEnableVFP                     
00005769  vPortEndScheduler                  
0000578d  vPortEnterCritical                 
000057cf  vPortExitCritical                  
000059ff  vPortFree                          
00005ac3  vPortInitialiseBlocks              
00006335  vPortSVCHandler                    
00005821  vPortSetupTimerInterrupt           
00006355  vPortStartFirstTask                
0000583b  vPortValidateInterruptPriority     
000030b9  vQueueDelete                       
0000336f  vQueueWaitForMessageRestricted     
00003e09  vStateDisplayTask                  
00003dc5  vStateUpdateTask                   
00000685  vTaskDelay                         
000004bf  vTaskDelete                        
00000a9f  vTaskEndScheduler                  
00001fd1  vTaskGenericNotifyGiveFromISR      
000013f1  vTaskInternalSetTimeOutState       
000014c5  vTaskMissedYield                   
00000fbd  vTaskPlaceOnEventList              
00001093  vTaskPlaceOnEventListRestricted    
00001001  vTaskPlaceOnUnorderedEventList     
00001869  vTaskPriorityDisinheritAfterTimeout
00001281  vTaskRemoveFromUnorderedEventList  
00000849  vTaskResume                        
000013bf  vTaskSetTimeOutState               
00000a29  vTaskStartScheduler                
000006e9  vTaskSuspend                       
00000abb  vTaskSuspendAll                    
00000f33  vTaskSwitchContext                 
00003ca5  vTempErrorReportingTask            
00003d5d  vTempErrorWarningTask              
00003beb  vTemperatureReadingTask            
00003c27  vTemperatureSettingTask            
000044a1  vTimerSetReloadMode                
000049f3  vTimerSetTimerID                   
20002f94  xCtrlToError                       
20002f98  xCtrlToHeatSeat1                   
20002f9c  xCtrlToHeatSeat2                   
20002fa0  xDriverDisplayData                 
20002f7c  xDriverStateLog                    
20002c00  xErrorLogArray                     
20002fa4  xEventGroup                        
000053d7  xEventGroupClearBits               
00005125  xEventGroupCreate                  
00005435  xEventGroupGetBitsFromISR          
00005469  xEventGroupSetBits                 
00005145  xEventGroupSync                    
00005277  xEventGroupWaitBits                
20002fa8  xPassengerDisplayData              
20002f84  xPassengerStateLog                 
00005abd  xPortGetFreeHeapSize               
000062d5  xPortPendSVHandler                 
000056b1  xPortStartScheduler                
000057fb  xPortSysTickHandler                
000033df  xQueueAddToSet                     
00002515  xQueueCreateMutex                  
000033cb  xQueueCreateSet                    
00002429  xQueueGenericCreate                
00002329  xQueueGenericReset                 
00002541  xQueueGenericSend                  
0000272f  xQueueGenericSendFromISR           
00002895  xQueueGiveFromISR                  
000032db  xQueueIsQueueEmptyFromISR          
00003335  xQueueIsQueueFullFromISR           
00002cfd  xQueuePeek                         
00002f81  xQueuePeekFromISR                  
000029d1  xQueueReceive                      
00002e7b  xQueueReceiveFromISR               
00003413  xQueueRemoveFromSet                
00003455  xQueueSelectFromSet                
0000346d  xQueueSelectFromSetFromISR         
00002b49  xQueueSemaphoreTake                
20002fac  xReadToCtrlSeat1                   
20002fb0  xReadToCtrlSeat2                   
20002fb4  xSetToCtrlSeat1                    
20002fb8  xSetToCtrlSeat2                    
20002fbc  xSetToStateSeat1                   
20002fc0  xSetToStateSeat2                   
00000cf5  xTaskCatchUpTicks                  
00001419  xTaskCheckForTimeOut               
0000026d  xTaskCreate                        
00000593  xTaskDelayUntil                    
00001b91  xTaskGenericNotify                 
00001d7d  xTaskGenericNotifyFromISR          
00002181  xTaskGenericNotifyStateClear       
00001aa5  xTaskGenericNotifyWait             
000015d1  xTaskGetCurrentTaskHandle          
000015e1  xTaskGetSchedulerState             
00000c77  xTaskGetTickCount                  
00000c8d  xTaskGetTickCountFromISR           
20002fc4  xTaskHandle1                       
20002fc8  xTaskHandle10                      
20002fcc  xTaskHandle11                      
20002fd0  xTaskHandle12                      
20002fd4  xTaskHandle13                      
20002fd8  xTaskHandle14                      
20002fdc  xTaskHandle2                       
20002fe0  xTaskHandle3                       
20002fe4  xTaskHandle4                       
20002fe8  xTaskHandle5                       
20002fec  xTaskHandle6                       
20002ff0  xTaskHandle7                       
20002ff4  xTaskHandle8                       
20002ff8  xTaskHandle9                       
00000d5d  xTaskIncrementTick                 
00001751  xTaskPriorityDisinherit            
00001611  xTaskPriorityInherit               
00001121  xTaskRemoveFromEventList           
00000acd  xTaskResumeAll                     
00000921  xTaskResumeFromISR                 
0000433b  xTimerCreate                       
000042fd  xTimerCreateTimerTask              
000043d9  xTimerGenericCommand               
00004533  xTimerGetExpiryTime                
0000447b  xTimerGetPeriod                    
000044eb  xTimerGetReloadMode                
00004459  xTimerGetTimerDaemonTaskHandle     
00004989  xTimerIsTimerActive                
00004a57  xTimerPendFunctionCall             
00004a21  xTimerPendFunctionCallFromISR      


GLOBAL SYMBOLS: SORTED BY Symbol Address 

address   name                               
-------   ----                               
00000000  __TI_static_base__                 
00000000  g_pfnVectors                       
00000200  __STACK_SIZE                       
0000026d  xTaskCreate                        
000004bf  vTaskDelete                        
00000593  xTaskDelayUntil                    
00000685  vTaskDelay                         
000006e9  vTaskSuspend                       
00000849  vTaskResume                        
00000921  xTaskResumeFromISR                 
00000a29  vTaskStartScheduler                
00000a9f  vTaskEndScheduler                  
00000abb  vTaskSuspendAll                    
00000acd  xTaskResumeAll                     
00000c77  xTaskGetTickCount                  
00000c8d  xTaskGetTickCountFromISR           
00000ca1  uxTaskGetNumberOfTasks             
00000ca7  pcTaskGetName                      
00000cf5  xTaskCatchUpTicks                  
00000d5d  xTaskIncrementTick                 
00000f33  vTaskSwitchContext                 
00000fbd  vTaskPlaceOnEventList              
00001001  vTaskPlaceOnUnorderedEventList     
00001093  vTaskPlaceOnEventListRestricted    
00001121  xTaskRemoveFromEventList           
00001281  vTaskRemoveFromUnorderedEventList  
000013bf  vTaskSetTimeOutState               
000013f1  vTaskInternalSetTimeOutState       
00001419  xTaskCheckForTimeOut               
000014c5  vTaskMissedYield                   
000015d1  xTaskGetCurrentTaskHandle          
000015e1  xTaskGetSchedulerState             
00001611  xTaskPriorityInherit               
00001751  xTaskPriorityDisinherit            
00001869  vTaskPriorityDisinheritAfterTimeout
000019af  uxTaskResetEventItemValue          
000019d1  pvTaskIncrementMutexHeldCount      
000019e9  ulTaskGenericNotifyTake            
00001aa5  xTaskGenericNotifyWait             
00001b91  xTaskGenericNotify                 
00001d7d  xTaskGenericNotifyFromISR          
00001fd1  vTaskGenericNotifyGiveFromISR      
00002181  xTaskGenericNotifyStateClear       
000021e9  ulTaskGenericNotifyValueClear      
00002329  xQueueGenericReset                 
00002429  xQueueGenericCreate                
00002515  xQueueCreateMutex                  
00002541  xQueueGenericSend                  
0000272f  xQueueGenericSendFromISR           
00002895  xQueueGiveFromISR                  
000029d1  xQueueReceive                      
00002b49  xQueueSemaphoreTake                
00002cfd  xQueuePeek                         
00002e7b  xQueueReceiveFromISR               
00002f81  xQueuePeekFromISR                  
00003031  uxQueueMessagesWaiting             
0000305b  uxQueueSpacesAvailable             
0000308f  uxQueueMessagesWaitingFromISR      
000030b9  vQueueDelete                       
000032db  xQueueIsQueueEmptyFromISR          
00003335  xQueueIsQueueFullFromISR           
0000336f  vQueueWaitForMessageRestricted     
000033cb  xQueueCreateSet                    
000033df  xQueueAddToSet                     
00003413  xQueueRemoveFromSet                
00003455  xQueueSelectFromSet                
0000346d  xQueueSelectFromSetFromISR         
00003555  main                               
000039d5  vControlTask                       
00003bbd  vHeatingTask                       
00003beb  vTemperatureReadingTask            
00003c27  vTemperatureSettingTask            
00003ca5  vTempErrorReportingTask            
00003d5d  vTempErrorWarningTask              
00003dc5  vStateUpdateTask                   
00003e09  vStateDisplayTask                  
00003f01  Delay_MS                           
00003f85  Mcu_Init                           
0000405f  Heater_setTemp                     
000040b9  getDesiredHeatLevel                
0000427d  GPIO_portfHandler                  
000042fd  xTimerCreateTimerTask              
0000433b  xTimerCreate                       
000043d9  xTimerGenericCommand               
00004459  xTimerGetTimerDaemonTaskHandle     
0000447b  xTimerGetPeriod                    
000044a1  vTimerSetReloadMode                
000044eb  xTimerGetReloadMode                
00004527  uxTimerGetReloadMode               
00004533  xTimerGetExpiryTime                
00004561  pcTimerGetName                     
00004989  xTimerIsTimerActive                
000049c5  pvTimerGetTimerID                  
000049f3  vTimerSetTimerID                   
00004a21  xTimerPendFunctionCallFromISR      
00004a57  xTimerPendFunctionCall             
00004ab9  GPIO_BuiltinButtonsLedsInit        
00004b2d  GPIO_RedLedOn                      
00004b39  GPIO_BlueLedOn                     
00004b45  GPIO_GreenLedOn                    
00004b51  GPIO_RedLedOff                     
00004b5d  GPIO_BlueLedOff                    
00004b69  GPIO_GreenLedOff                   
00004b75  GPIO_RedLedToggle                  
00004b81  GPIO_BlueLedToggle                 
00004b8d  GPIO_GreenLedToggle                
00004b99  GPIO_SW1GetState                   
00004ba3  GPIO_SW2GetState                   
00004bad  GPIO_SW1EdgeTriggeredInterruptInit 
00004bfb  GPIO_SW2EdgeTriggeredInterruptInit 
00004c91  GPIO_setupPinDirectionAndMode      
00004f7d  GPIO_writePin                      
00005005  GPIO_readPin                       
000050a1  GPIO_togglePin                     
00005125  xEventGroupCreate                  
00005145  xEventGroupSync                    
00005277  xEventGroupWaitBits                
000053d7  xEventGroupClearBits               
00005435  xEventGroupGetBitsFromISR          
00005469  xEventGroupSetBits                 
00005563  vEventGroupDelete                  
000055cd  vEventGroupSetBitsCallback         
000055dd  vEventGroupClearBitsCallback       
00005623  __aeabi_idiv0                      
00005623  __aeabi_ldiv0                      
00005625  pxPortInitialiseStack              
000056b1  xPortStartScheduler                
00005769  vPortEndScheduler                  
0000578d  vPortEnterCritical                 
000057cf  vPortExitCritical                  
000057fb  xPortSysTickHandler                
00005821  vPortSetupTimerInterrupt           
0000583b  vPortValidateInterruptPriority     
000058d9  pvPortMalloc                       
000059ff  vPortFree                          
00005abd  xPortGetFreeHeapSize               
00005ac3  vPortInitialiseBlocks              
00005ac5  pvPortCalloc                       
00005bbb  UART0_Init                         
00005bfb  UART0_SendByte                     
00005c17  UART0_ReceiveByte                  
00005c27  UART0_SendString                   
00005c4d  UART0_SendInteger                  
00005d2d  __aeabi_ddiv                       
00005e63  vListInitialise                    
00005e93  vListInitialiseItem                
00005ea3  vListInsertEnd                     
00005edf  vListInsert                        
00005f45  uxListRemove                       
00005f8d  rgb_init                           
00005fcd  rgb_redLedON                       
00005fe1  rgb_greenLedON                     
00005ff5  rgb_blueLedON                      
00006009  rgb_redLedOFF                      
0000601d  rgb_greenLedOFF                    
00006031  rgb_blueLedOFF                     
00006045  rgb_redLedToggle                   
00006057  rgb_greenLedToggle                 
00006069  rgb_blueLedToggle                  
0000607b  rgb_allLedsOff                     
000060b5  ADC0_init                          
00006113  ADC0_busy                          
00006129  ADC0_startConversion               
00006135  ADC0_readValue                     
00006155  ADC0_changeChannel                 
000061b1  __aeabi_dmul                       
000062bd  ulPortGetIPSR                      
000062d5  xPortPendSVHandler                 
00006335  vPortSVCHandler                    
00006355  vPortStartFirstTask                
00006379  vPortEnableVFP                     
00006387  __aeabi_memcpy                     
00006387  __aeabi_memcpy4                    
00006387  __aeabi_memcpy8                    
00006387  memcpy                             
00006423  __aeabi_uldivmod                   
000064b9  tempSensor_readTemp                
00006539  __aeabi_memclr                     
00006539  __aeabi_memclr4                    
00006539  __aeabi_memclr8                    
0000653b  __aeabi_memset                     
0000653b  __aeabi_memset4                    
0000653b  __aeabi_memset8                    
00006541  memset                             
000065b3  __aeabi_d2f                        
00006621  __aeabi_ldivmod                    
0000668f  __TI_decompress_lzss               
000066f9  GPTM_WTimer0Init                   
00006729  GPTM_WTimer0Read                   
0000674d  __aeabi_d2iz                       
00006795  __TI_auto_init_nobinit_nopinit     
000067d9  __aeabi_f2d                        
00006811  _c_int00_noargs                    
00006845  __aeabi_ui2d                       
00006865  __aeabi_lmul                       
0000687d  strcpy                             
00006891  __TI_decompress_none               
0000689f  __TI_zero_init                     
000068ab  ResetISR                           
000068b7  _system_pre_init                   
000068bb  C$$EXIT                            
000068bb  abort                              
000068c0  ADC_channels                       
000068e4  ulMaxSyscallInterruptPriority      
000068ec  uxTopUsedPriority                  
00006960  __TI_Handler_Table_Base            
0000696c  __TI_Handler_Table_Limit           
00006978  __TI_CINIT_Base                    
00006988  __TI_CINIT_Limit                   
20000000  __start___llvm_prf_cnts            
20000000  __stop___llvm_prf_cnts             
20002c00  xErrorLogArray                     
20002f7c  xDriverStateLog                    
20002f84  xPassengerStateLog                 
20002f8c  set_read_to_ctrl_seat_1            
20002f90  set_read_to_ctrl_seat_2            
20002f94  xCtrlToError                       
20002f98  xCtrlToHeatSeat1                   
20002f9c  xCtrlToHeatSeat2                   
20002fa0  xDriverDisplayData                 
20002fa4  xEventGroup                        
20002fa8  xPassengerDisplayData              
20002fac  xReadToCtrlSeat1                   
20002fb0  xReadToCtrlSeat2                   
20002fb4  xSetToCtrlSeat1                    
20002fb8  xSetToCtrlSeat2                    
20002fbc  xSetToStateSeat1                   
20002fc0  xSetToStateSeat2                   
20002fc4  xTaskHandle1                       
20002fc8  xTaskHandle10                      
20002fcc  xTaskHandle11                      
20002fd0  xTaskHandle12                      
20002fd4  xTaskHandle13                      
20002fd8  xTaskHandle14                      
20002fdc  xTaskHandle2                       
20002fe0  xTaskHandle3                       
20002fe4  xTaskHandle4                       
20002fe8  xTaskHandle5                       
20002fec  xTaskHandle6                       
20002ff0  xTaskHandle7                       
20002ff4  xTaskHandle8                       
20002ff8  xTaskHandle9                       
20003000  __stack                            
20003200  __STACK_END                        
20003200  __STACK_TOP                        
20003200  pxCurrentTCB                       
20003234  driverSeat                         
20003260  passengerSeat                      
200032ac  driverSeatSensor                   
200032b0  led2                               
200032b4  led                                
200032b8  passengerSeatSensor                
ffffffff  __TI_pprof_out_hndl                
ffffffff  __TI_prof_data_size                
ffffffff  __TI_prof_data_start               
ffffffff  __binit__                          
ffffffff  __c_args__                         
ffffffff  binit                              
UNDEFED   __mpu_init                         
UNDEFED   _system_post_cinit                 

[260 symbols]
